Better speed can be achieved with apex installed from https://www.github.com/nvidia/apex.
name extraction configured
Created Bert
News parsing progress: |--------------------------------------------------| 0.0% Complete, 0/5007News parsing progress: |--------------------------------------------------| 0.0% Complete, 1/5007News parsing progress: |--------------------------------------------------| 0.0% Complete, 2/5007News parsing progress: |--------------------------------------------------| 0.1% Complete, 3/5007News parsing progress: |--------------------------------------------------| 0.1% Complete, 4/5007News parsing progress: |--------------------------------------------------| 0.1% Complete, 5/5007News parsing progress: |--------------------------------------------------| 0.1% Complete, 6/5007News parsing progress: |--------------------------------------------------| 0.1% Complete, 7/5007News parsing progress: |--------------------------------------------------| 0.2% Complete, 8/5007News parsing progress: |--------------------------------------------------| 0.2% Complete, 9/5007News parsing progress: |--------------------------------------------------| 0.2% Complete, 10/5007News parsing progress: |--------------------------------------------------| 0.2% Complete, 11/5007News parsing progress: |--------------------------------------------------| 0.2% Complete, 12/5007News parsing progress: |--------------------------------------------------| 0.3% Complete, 13/5007News parsing progress: |--------------------------------------------------| 0.3% Complete, 14/5007News parsing progress: |--------------------------------------------------| 0.3% Complete, 15/5007News parsing progress: |--------------------------------------------------| 0.3% Complete, 16/5007News parsing progress: |--------------------------------------------------| 0.3% Complete, 17/5007News parsing progress: |--------------------------------------------------| 0.4% Complete, 18/5007News parsing progress: |--------------------------------------------------| 0.4% Complete, 19/5007News parsing progress: |--------------------------------------------------| 0.4% Complete, 20/5007News parsing progress: |--------------------------------------------------| 0.4% Complete, 21/5007News parsing progress: |--------------------------------------------------| 0.4% Complete, 22/5007News parsing progress: |--------------------------------------------------| 0.5% Complete, 23/5007News parsing progress: |--------------------------------------------------| 0.5% Complete, 24/5007News parsing progress: |--------------------------------------------------| 0.5% Complete, 25/5007News parsing progress: |--------------------------------------------------| 0.5% Complete, 26/5007News parsing progress: |--------------------------------------------------| 0.5% Complete, 27/5007News parsing progress: |--------------------------------------------------| 0.6% Complete, 28/5007News parsing progress: |--------------------------------------------------| 0.6% Complete, 29/5007News parsing progress: |--------------------------------------------------| 0.6% Complete, 30/5007News parsing progress: |--------------------------------------------------| 0.6% Complete, 31/5007News parsing progress: |--------------------------------------------------| 0.6% Complete, 32/5007News parsing progress: |--------------------------------------------------| 0.7% Complete, 33/5007News parsing progress: |--------------------------------------------------| 0.7% Complete, 34/5007News parsing progress: |--------------------------------------------------| 0.7% Complete, 35/5007News parsing progress: |--------------------------------------------------| 0.7% Complete, 36/5007News parsing progress: |--------------------------------------------------| 0.7% Complete, 37/5007News parsing progress: |--------------------------------------------------| 0.8% Complete, 38/5007News parsing progress: |--------------------------------------------------| 0.8% Complete, 39/5007News parsing progress: |--------------------------------------------------| 0.8% Complete, 40/5007News parsing progress: |--------------------------------------------------| 0.8% Complete, 41/5007News parsing progress: |--------------------------------------------------| 0.8% Complete, 42/5007News parsing progress: |--------------------------------------------------| 0.9% Complete, 43/5007News parsing progress: |--------------------------------------------------| 0.9% Complete, 44/5007News parsing progress: |--------------------------------------------------| 0.9% Complete, 45/5007News parsing progress: |--------------------------------------------------| 0.9% Complete, 46/5007News parsing progress: |--------------------------------------------------| 0.9% Complete, 47/5007News parsing progress: |--------------------------------------------------| 1.0% Complete, 48/5007News parsing progress: |--------------------------------------------------| 1.0% Complete, 49/5007News parsing progress: |--------------------------------------------------| 1.0% Complete, 50/5007News parsing progress: |--------------------------------------------------| 1.0% Complete, 51/5007News parsing progress: |--------------------------------------------------| 1.0% Complete, 52/5007News parsing progress: |--------------------------------------------------| 1.1% Complete, 53/5007News parsing progress: |--------------------------------------------------| 1.1% Complete, 54/5007News parsing progress: |--------------------------------------------------| 1.1% Complete, 55/5007News parsing progress: |--------------------------------------------------| 1.1% Complete, 56/5007News parsing progress: |--------------------------------------------------| 1.1% Complete, 57/5007News parsing progress: |--------------------------------------------------| 1.2% Complete, 58/5007News parsing progress: |--------------------------------------------------| 1.2% Complete, 59/5007News parsing progress: |--------------------------------------------------| 1.2% Complete, 60/5007News parsing progress: |--------------------------------------------------| 1.2% Complete, 61/5007News parsing progress: |--------------------------------------------------| 1.2% Complete, 62/5007News parsing progress: |--------------------------------------------------| 1.3% Complete, 63/5007News parsing progress: |--------------------------------------------------| 1.3% Complete, 64/5007News parsing progress: |--------------------------------------------------| 1.3% Complete, 65/5007News parsing progress: |--------------------------------------------------| 1.3% Complete, 66/5007News parsing progress: |--------------------------------------------------| 1.3% Complete, 67/5007News parsing progress: |--------------------------------------------------| 1.4% Complete, 68/5007News parsing progress: |--------------------------------------------------| 1.4% Complete, 69/5007News parsing progress: |--------------------------------------------------| 1.4% Complete, 70/5007News parsing progress: |--------------------------------------------------| 1.4% Complete, 71/5007News parsing progress: |--------------------------------------------------| 1.4% Complete, 72/5007News parsing progress: |--------------------------------------------------| 1.5% Complete, 73/5007News parsing progress: |--------------------------------------------------| 1.5% Complete, 74/5007News parsing progress: |--------------------------------------------------| 1.5% Complete, 75/5007News parsing progress: |--------------------------------------------------| 1.5% Complete, 76/5007News parsing progress: |--------------------------------------------------| 1.5% Complete, 77/5007News parsing progress: |--------------------------------------------------| 1.6% Complete, 78/5007News parsing progress: |--------------------------------------------------| 1.6% Complete, 79/5007News parsing progress: |--------------------------------------------------| 1.6% Complete, 80/5007News parsing progress: |--------------------------------------------------| 1.6% Complete, 81/5007News parsing progress: |--------------------------------------------------| 1.6% Complete, 82/5007News parsing progress: |--------------------------------------------------| 1.7% Complete, 83/5007News parsing progress: |--------------------------------------------------| 1.7% Complete, 84/5007News parsing progress: |--------------------------------------------------| 1.7% Complete, 85/5007News parsing progress: |--------------------------------------------------| 1.7% Complete, 86/5007News parsing progress: |--------------------------------------------------| 1.7% Complete, 87/5007News parsing progress: |--------------------------------------------------| 1.8% Complete, 88/5007News parsing progress: |--------------------------------------------------| 1.8% Complete, 89/5007News parsing progress: |--------------------------------------------------| 1.8% Complete, 90/5007News parsing progress: |--------------------------------------------------| 1.8% Complete, 91/5007News parsing progress: |--------------------------------------------------| 1.8% Complete, 92/5007News parsing progress: |--------------------------------------------------| 1.9% Complete, 93/5007News parsing progress: |--------------------------------------------------| 1.9% Complete, 94/5007News parsing progress: |--------------------------------------------------| 1.9% Complete, 95/5007News parsing progress: |--------------------------------------------------| 1.9% Complete, 96/5007News parsing progress: |--------------------------------------------------| 1.9% Complete, 97/5007News parsing progress: |--------------------------------------------------| 2.0% Complete, 98/5007News parsing progress: |--------------------------------------------------| 2.0% Complete, 99/5007News parsing progress: |--------------------------------------------------| 2.0% Complete, 100/5007News parsing progress: |█-------------------------------------------------| 2.0% Complete, 101/5007News parsing progress: |█-------------------------------------------------| 2.0% Complete, 102/5007News parsing progress: |█-------------------------------------------------| 2.1% Complete, 103/5007News parsing progress: |█-------------------------------------------------| 2.1% Complete, 104/5007News parsing progress: |█-------------------------------------------------| 2.1% Complete, 105/5007News parsing progress: |█-------------------------------------------------| 2.1% Complete, 106/5007News parsing progress: |█-------------------------------------------------| 2.1% Complete, 107/5007News parsing progress: |█-------------------------------------------------| 2.2% Complete, 108/5007News parsing progress: |█-------------------------------------------------| 2.2% Complete, 109/5007News parsing progress: |█-------------------------------------------------| 2.2% Complete, 110/5007News parsing progress: |█-------------------------------------------------| 2.2% Complete, 111/5007News parsing progress: |█-------------------------------------------------| 2.2% Complete, 112/5007News parsing progress: |█-------------------------------------------------| 2.3% Complete, 113/5007News parsing progress: |█-------------------------------------------------| 2.3% Complete, 114/5007News parsing progress: |█-------------------------------------------------| 2.3% Complete, 115/5007News parsing progress: |█-------------------------------------------------| 2.3% Complete, 116/5007News parsing progress: |█-------------------------------------------------| 2.3% Complete, 117/5007News parsing progress: |█-------------------------------------------------| 2.4% Complete, 118/5007News parsing progress: |█-------------------------------------------------| 2.4% Complete, 119/5007News parsing progress: |█-------------------------------------------------| 2.4% Complete, 120/5007News parsing progress: |█-------------------------------------------------| 2.4% Complete, 121/5007News parsing progress: |█-------------------------------------------------| 2.4% Complete, 122/5007News parsing progress: |█-------------------------------------------------| 2.5% Complete, 123/5007News parsing progress: |█-------------------------------------------------| 2.5% Complete, 124/5007News parsing progress: |█-------------------------------------------------| 2.5% Complete, 125/5007News parsing progress: |█-------------------------------------------------| 2.5% Complete, 126/5007News parsing progress: |█-------------------------------------------------| 2.5% Complete, 127/5007News parsing progress: |█-------------------------------------------------| 2.6% Complete, 128/5007News parsing progress: |█-------------------------------------------------| 2.6% Complete, 129/5007News parsing progress: |█-------------------------------------------------| 2.6% Complete, 130/5007News parsing progress: |█-------------------------------------------------| 2.6% Complete, 131/5007News parsing progress: |█-------------------------------------------------| 2.6% Complete, 132/5007News parsing progress: |█-------------------------------------------------| 2.7% Complete, 133/5007News parsing progress: |█-------------------------------------------------| 2.7% Complete, 134/5007News parsing progress: |█-------------------------------------------------| 2.7% Complete, 135/5007News parsing progress: |█-------------------------------------------------| 2.7% Complete, 136/5007News parsing progress: |█-------------------------------------------------| 2.7% Complete, 137/5007News parsing progress: |█-------------------------------------------------| 2.8% Complete, 138/5007News parsing progress: |█-------------------------------------------------| 2.8% Complete, 139/5007News parsing progress: |█-------------------------------------------------| 2.8% Complete, 140/5007News parsing progress: |█-------------------------------------------------| 2.8% Complete, 141/5007News parsing progress: |█-------------------------------------------------| 2.8% Complete, 142/5007News parsing progress: |█-------------------------------------------------| 2.9% Complete, 143/5007News parsing progress: |█-------------------------------------------------| 2.9% Complete, 144/5007News parsing progress: |█-------------------------------------------------| 2.9% Complete, 145/5007News parsing progress: |█-------------------------------------------------| 2.9% Complete, 146/5007News parsing progress: |█-------------------------------------------------| 2.9% Complete, 147/5007News parsing progress: |█-------------------------------------------------| 3.0% Complete, 148/5007News parsing progress: |█-------------------------------------------------| 3.0% Complete, 149/5007News parsing progress: |█-------------------------------------------------| 3.0% Complete, 150/5007News parsing progress: |█-------------------------------------------------| 3.0% Complete, 151/5007News parsing progress: |█-------------------------------------------------| 3.0% Complete, 152/5007News parsing progress: |█-------------------------------------------------| 3.1% Complete, 153/5007News parsing progress: |█-------------------------------------------------| 3.1% Complete, 154/5007News parsing progress: |█-------------------------------------------------| 3.1% Complete, 155/5007News parsing progress: |█-------------------------------------------------| 3.1% Complete, 156/5007News parsing progress: |█-------------------------------------------------| 3.1% Complete, 157/5007News parsing progress: |█-------------------------------------------------| 3.2% Complete, 158/5007News parsing progress: |█-------------------------------------------------| 3.2% Complete, 159/5007News parsing progress: |█-------------------------------------------------| 3.2% Complete, 160/5007News parsing progress: |█-------------------------------------------------| 3.2% Complete, 161/5007News parsing progress: |█-------------------------------------------------| 3.2% Complete, 162/5007News parsing progress: |█-------------------------------------------------| 3.3% Complete, 163/5007News parsing progress: |█-------------------------------------------------| 3.3% Complete, 164/5007News parsing progress: |█-------------------------------------------------| 3.3% Complete, 165/5007News parsing progress: |█-------------------------------------------------| 3.3% Complete, 166/5007News parsing progress: |█-------------------------------------------------| 3.3% Complete, 167/5007News parsing progress: |█-------------------------------------------------| 3.4% Complete, 168/5007News parsing progress: |█-------------------------------------------------| 3.4% Complete, 169/5007News parsing progress: |█-------------------------------------------------| 3.4% Complete, 170/5007News parsing progress: |█-------------------------------------------------| 3.4% Complete, 171/5007News parsing progress: |█-------------------------------------------------| 3.4% Complete, 172/5007News parsing progress: |█-------------------------------------------------| 3.5% Complete, 173/5007News parsing progress: |█-------------------------------------------------| 3.5% Complete, 174/5007News parsing progress: |█-------------------------------------------------| 3.5% Complete, 175/5007News parsing progress: |█-------------------------------------------------| 3.5% Complete, 176/5007News parsing progress: |█-------------------------------------------------| 3.5% Complete, 177/5007News parsing progress: |█-------------------------------------------------| 3.6% Complete, 178/5007News parsing progress: |█-------------------------------------------------| 3.6% Complete, 179/5007News parsing progress: |█-------------------------------------------------| 3.6% Complete, 180/5007News parsing progress: |█-------------------------------------------------| 3.6% Complete, 181/5007News parsing progress: |█-------------------------------------------------| 3.6% Complete, 182/5007News parsing progress: |█-------------------------------------------------| 3.7% Complete, 183/5007News parsing progress: |█-------------------------------------------------| 3.7% Complete, 184/5007News parsing progress: |█-------------------------------------------------| 3.7% Complete, 185/5007News parsing progress: |█-------------------------------------------------| 3.7% Complete, 186/5007News parsing progress: |█-------------------------------------------------| 3.7% Complete, 187/5007News parsing progress: |█-------------------------------------------------| 3.8% Complete, 188/5007News parsing progress: |█-------------------------------------------------| 3.8% Complete, 189/5007News parsing progress: |█-------------------------------------------------| 3.8% Complete, 190/5007News parsing progress: |█-------------------------------------------------| 3.8% Complete, 191/5007News parsing progress: |█-------------------------------------------------| 3.8% Complete, 192/5007News parsing progress: |█-------------------------------------------------| 3.9% Complete, 193/5007News parsing progress: |█-------------------------------------------------| 3.9% Complete, 194/5007News parsing progress: |█-------------------------------------------------| 3.9% Complete, 195/5007News parsing progress: |█-------------------------------------------------| 3.9% Complete, 196/5007News parsing progress: |█-------------------------------------------------| 3.9% Complete, 197/5007News parsing progress: |█-------------------------------------------------| 4.0% Complete, 198/5007News parsing progress: |█-------------------------------------------------| 4.0% Complete, 199/5007News parsing progress: |█-------------------------------------------------| 4.0% Complete, 200/5007News parsing progress: |██------------------------------------------------| 4.0% Complete, 201/5007News parsing progress: |██------------------------------------------------| 4.0% Complete, 202/5007News parsing progress: |██------------------------------------------------| 4.1% Complete, 203/5007News parsing progress: |██------------------------------------------------| 4.1% Complete, 204/5007News parsing progress: |██------------------------------------------------| 4.1% Complete, 205/5007News parsing progress: |██------------------------------------------------| 4.1% Complete, 206/5007News parsing progress: |██------------------------------------------------| 4.1% Complete, 207/5007News parsing progress: |██------------------------------------------------| 4.2% Complete, 208/5007News parsing progress: |██------------------------------------------------| 4.2% Complete, 209/5007News parsing progress: |██------------------------------------------------| 4.2% Complete, 210/5007News parsing progress: |██------------------------------------------------| 4.2% Complete, 211/5007News parsing progress: |██------------------------------------------------| 4.2% Complete, 212/5007News parsing progress: |██------------------------------------------------| 4.3% Complete, 213/5007News parsing progress: |██------------------------------------------------| 4.3% Complete, 214/5007News parsing progress: |██------------------------------------------------| 4.3% Complete, 215/5007News parsing progress: |██------------------------------------------------| 4.3% Complete, 216/5007News parsing progress: |██------------------------------------------------| 4.3% Complete, 217/5007News parsing progress: |██------------------------------------------------| 4.4% Complete, 218/5007News parsing progress: |██------------------------------------------------| 4.4% Complete, 219/5007News parsing progress: |██------------------------------------------------| 4.4% Complete, 220/5007News parsing progress: |██------------------------------------------------| 4.4% Complete, 221/5007News parsing progress: |██------------------------------------------------| 4.4% Complete, 222/5007News parsing progress: |██------------------------------------------------| 4.5% Complete, 223/5007News parsing progress: |██------------------------------------------------| 4.5% Complete, 224/5007News parsing progress: |██------------------------------------------------| 4.5% Complete, 225/5007News parsing progress: |██------------------------------------------------| 4.5% Complete, 226/5007News parsing progress: |██------------------------------------------------| 4.5% Complete, 227/5007News parsing progress: |██------------------------------------------------| 4.6% Complete, 228/5007News parsing progress: |██------------------------------------------------| 4.6% Complete, 229/5007News parsing progress: |██------------------------------------------------| 4.6% Complete, 230/5007News parsing progress: |██------------------------------------------------| 4.6% Complete, 231/5007News parsing progress: |██------------------------------------------------| 4.6% Complete, 232/5007News parsing progress: |██------------------------------------------------| 4.7% Complete, 233/5007News parsing progress: |██------------------------------------------------| 4.7% Complete, 234/5007News parsing progress: |██------------------------------------------------| 4.7% Complete, 235/5007News parsing progress: |██------------------------------------------------| 4.7% Complete, 236/5007News parsing progress: |██------------------------------------------------| 4.7% Complete, 237/5007News parsing progress: |██------------------------------------------------| 4.8% Complete, 238/5007News parsing progress: |██------------------------------------------------| 4.8% Complete, 239/5007News parsing progress: |██------------------------------------------------| 4.8% Complete, 240/5007News parsing progress: |██------------------------------------------------| 4.8% Complete, 241/5007News parsing progress: |██------------------------------------------------| 4.8% Complete, 242/5007News parsing progress: |██------------------------------------------------| 4.9% Complete, 243/5007News parsing progress: |██------------------------------------------------| 4.9% Complete, 244/5007News parsing progress: |██------------------------------------------------| 4.9% Complete, 245/5007News parsing progress: |██------------------------------------------------| 4.9% Complete, 246/5007News parsing progress: |██------------------------------------------------| 4.9% Complete, 247/5007News parsing progress: |██------------------------------------------------| 5.0% Complete, 248/5007News parsing progress: |██------------------------------------------------| 5.0% Complete, 249/5007News parsing progress: |██------------------------------------------------| 5.0% Complete, 250/5007News parsing progress: |██------------------------------------------------| 5.0% Complete, 251/5007News parsing progress: |██------------------------------------------------| 5.0% Complete, 252/5007News parsing progress: |██------------------------------------------------| 5.1% Complete, 253/5007News parsing progress: |██------------------------------------------------| 5.1% Complete, 254/5007News parsing progress: |██------------------------------------------------| 5.1% Complete, 255/5007News parsing progress: |██------------------------------------------------| 5.1% Complete, 256/5007News parsing progress: |██------------------------------------------------| 5.1% Complete, 257/5007News parsing progress: |██------------------------------------------------| 5.2% Complete, 258/5007News parsing progress: |██------------------------------------------------| 5.2% Complete, 259/5007News parsing progress: |██------------------------------------------------| 5.2% Complete, 260/5007News parsing progress: |██------------------------------------------------| 5.2% Complete, 261/5007News parsing progress: |██------------------------------------------------| 5.2% Complete, 262/5007News parsing progress: |██------------------------------------------------| 5.3% Complete, 263/5007News parsing progress: |██------------------------------------------------| 5.3% Complete, 264/5007News parsing progress: |██------------------------------------------------| 5.3% Complete, 265/5007News parsing progress: |██------------------------------------------------| 5.3% Complete, 266/5007News parsing progress: |██------------------------------------------------| 5.3% Complete, 267/5007News parsing progress: |██------------------------------------------------| 5.4% Complete, 268/5007News parsing progress: |██------------------------------------------------| 5.4% Complete, 269/5007News parsing progress: |██------------------------------------------------| 5.4% Complete, 270/5007News parsing progress: |██------------------------------------------------| 5.4% Complete, 271/5007News parsing progress: |██------------------------------------------------| 5.4% Complete, 272/5007News parsing progress: |██------------------------------------------------| 5.5% Complete, 273/5007News parsing progress: |██------------------------------------------------| 5.5% Complete, 274/5007News parsing progress: |██------------------------------------------------| 5.5% Complete, 275/5007News parsing progress: |██------------------------------------------------| 5.5% Complete, 276/5007News parsing progress: |██------------------------------------------------| 5.5% Complete, 277/5007News parsing progress: |██------------------------------------------------| 5.6% Complete, 278/5007News parsing progress: |██------------------------------------------------| 5.6% Complete, 279/5007News parsing progress: |██------------------------------------------------| 5.6% Complete, 280/5007News parsing progress: |██------------------------------------------------| 5.6% Complete, 281/5007News parsing progress: |██------------------------------------------------| 5.6% Complete, 282/5007News parsing progress: |██------------------------------------------------| 5.7% Complete, 283/5007News parsing progress: |██------------------------------------------------| 5.7% Complete, 284/5007News parsing progress: |██------------------------------------------------| 5.7% Complete, 285/5007News parsing progress: |██------------------------------------------------| 5.7% Complete, 286/5007News parsing progress: |██------------------------------------------------| 5.7% Complete, 287/5007News parsing progress: |██------------------------------------------------| 5.8% Complete, 288/5007News parsing progress: |██------------------------------------------------| 5.8% Complete, 289/5007News parsing progress: |██------------------------------------------------| 5.8% Complete, 290/5007News parsing progress: |██------------------------------------------------| 5.8% Complete, 291/5007News parsing progress: |██------------------------------------------------| 5.8% Complete, 292/5007News parsing progress: |██------------------------------------------------| 5.9% Complete, 293/5007News parsing progress: |██------------------------------------------------| 5.9% Complete, 294/5007News parsing progress: |██------------------------------------------------| 5.9% Complete, 295/5007News parsing progress: |██------------------------------------------------| 5.9% Complete, 296/5007News parsing progress: |██------------------------------------------------| 5.9% Complete, 297/5007News parsing progress: |██------------------------------------------------| 6.0% Complete, 298/5007News parsing progress: |██------------------------------------------------| 6.0% Complete, 299/5007News parsing progress: |██------------------------------------------------| 6.0% Complete, 300/5007News parsing progress: |███-----------------------------------------------| 6.0% Complete, 301/5007News parsing progress: |███-----------------------------------------------| 6.0% Complete, 302/5007News parsing progress: |███-----------------------------------------------| 6.1% Complete, 303/5007News parsing progress: |███-----------------------------------------------| 6.1% Complete, 304/5007News parsing progress: |███-----------------------------------------------| 6.1% Complete, 305/5007News parsing progress: |███-----------------------------------------------| 6.1% Complete, 306/5007News parsing progress: |███-----------------------------------------------| 6.1% Complete, 307/5007News parsing progress: |███-----------------------------------------------| 6.2% Complete, 308/5007News parsing progress: |███-----------------------------------------------| 6.2% Complete, 309/5007News parsing progress: |███-----------------------------------------------| 6.2% Complete, 310/5007News parsing progress: |███-----------------------------------------------| 6.2% Complete, 311/5007News parsing progress: |███-----------------------------------------------| 6.2% Complete, 312/5007News parsing progress: |███-----------------------------------------------| 6.3% Complete, 313/5007News parsing progress: |███-----------------------------------------------| 6.3% Complete, 314/5007News parsing progress: |███-----------------------------------------------| 6.3% Complete, 315/5007News parsing progress: |███-----------------------------------------------| 6.3% Complete, 316/5007News parsing progress: |███-----------------------------------------------| 6.3% Complete, 317/5007News parsing progress: |███-----------------------------------------------| 6.4% Complete, 318/5007News parsing progress: |███-----------------------------------------------| 6.4% Complete, 319/5007News parsing progress: |███-----------------------------------------------| 6.4% Complete, 320/5007News parsing progress: |███-----------------------------------------------| 6.4% Complete, 321/5007News parsing progress: |███-----------------------------------------------| 6.4% Complete, 322/5007News parsing progress: |███-----------------------------------------------| 6.5% Complete, 323/5007News parsing progress: |███-----------------------------------------------| 6.5% Complete, 324/5007News parsing progress: |███-----------------------------------------------| 6.5% Complete, 325/5007News parsing progress: |███-----------------------------------------------| 6.5% Complete, 326/5007News parsing progress: |███-----------------------------------------------| 6.5% Complete, 327/5007News parsing progress: |███-----------------------------------------------| 6.6% Complete, 328/5007News parsing progress: |███-----------------------------------------------| 6.6% Complete, 329/5007News parsing progress: |███-----------------------------------------------| 6.6% Complete, 330/5007News parsing progress: |███-----------------------------------------------| 6.6% Complete, 331/5007News parsing progress: |███-----------------------------------------------| 6.6% Complete, 332/5007News parsing progress: |███-----------------------------------------------| 6.7% Complete, 333/5007News parsing progress: |███-----------------------------------------------| 6.7% Complete, 334/5007News parsing progress: |███-----------------------------------------------| 6.7% Complete, 335/5007News parsing progress: |███-----------------------------------------------| 6.7% Complete, 336/5007News parsing progress: |███-----------------------------------------------| 6.7% Complete, 337/5007News parsing progress: |███-----------------------------------------------| 6.8% Complete, 338/5007News parsing progress: |███-----------------------------------------------| 6.8% Complete, 339/5007News parsing progress: |███-----------------------------------------------| 6.8% Complete, 340/5007News parsing progress: |███-----------------------------------------------| 6.8% Complete, 341/5007News parsing progress: |███-----------------------------------------------| 6.8% Complete, 342/5007News parsing progress: |███-----------------------------------------------| 6.9% Complete, 343/5007News parsing progress: |███-----------------------------------------------| 6.9% Complete, 344/5007News parsing progress: |███-----------------------------------------------| 6.9% Complete, 345/5007News parsing progress: |███-----------------------------------------------| 6.9% Complete, 346/5007News parsing progress: |███-----------------------------------------------| 6.9% Complete, 347/5007News parsing progress: |███-----------------------------------------------| 7.0% Complete, 348/5007News parsing progress: |███-----------------------------------------------| 7.0% Complete, 349/5007News parsing progress: |███-----------------------------------------------| 7.0% Complete, 350/5007News parsing progress: |███-----------------------------------------------| 7.0% Complete, 351/5007News parsing progress: |███-----------------------------------------------| 7.0% Complete, 352/5007News parsing progress: |███-----------------------------------------------| 7.1% Complete, 353/5007News parsing progress: |███-----------------------------------------------| 7.1% Complete, 354/5007News parsing progress: |███-----------------------------------------------| 7.1% Complete, 355/5007News parsing progress: |███-----------------------------------------------| 7.1% Complete, 356/5007News parsing progress: |███-----------------------------------------------| 7.1% Complete, 357/5007News parsing progress: |███-----------------------------------------------| 7.1% Complete, 358/5007News parsing progress: |███-----------------------------------------------| 7.2% Complete, 359/5007News parsing progress: |███-----------------------------------------------| 7.2% Complete, 360/5007News parsing progress: |███-----------------------------------------------| 7.2% Complete, 361/5007News parsing progress: |███-----------------------------------------------| 7.2% Complete, 362/5007News parsing progress: |███-----------------------------------------------| 7.2% Complete, 363/5007News parsing progress: |███-----------------------------------------------| 7.3% Complete, 364/5007News parsing progress: |███-----------------------------------------------| 7.3% Complete, 365/5007News parsing progress: |███-----------------------------------------------| 7.3% Complete, 366/5007News parsing progress: |███-----------------------------------------------| 7.3% Complete, 367/5007News parsing progress: |███-----------------------------------------------| 7.3% Complete, 368/5007News parsing progress: |███-----------------------------------------------| 7.4% Complete, 369/5007News parsing progress: |███-----------------------------------------------| 7.4% Complete, 370/5007News parsing progress: |███-----------------------------------------------| 7.4% Complete, 371/5007News parsing progress: |███-----------------------------------------------| 7.4% Complete, 372/5007News parsing progress: |███-----------------------------------------------| 7.4% Complete, 373/5007News parsing progress: |███-----------------------------------------------| 7.5% Complete, 374/5007News parsing progress: |███-----------------------------------------------| 7.5% Complete, 375/5007News parsing progress: |███-----------------------------------------------| 7.5% Complete, 376/5007News parsing progress: |███-----------------------------------------------| 7.5% Complete, 377/5007News parsing progress: |███-----------------------------------------------| 7.5% Complete, 378/5007News parsing progress: |███-----------------------------------------------| 7.6% Complete, 379/5007News parsing progress: |███-----------------------------------------------| 7.6% Complete, 380/5007News parsing progress: |███-----------------------------------------------| 7.6% Complete, 381/5007News parsing progress: |███-----------------------------------------------| 7.6% Complete, 382/5007News parsing progress: |███-----------------------------------------------| 7.6% Complete, 383/5007News parsing progress: |███-----------------------------------------------| 7.7% Complete, 384/5007News parsing progress: |███-----------------------------------------------| 7.7% Complete, 385/5007News parsing progress: |███-----------------------------------------------| 7.7% Complete, 386/5007News parsing progress: |███-----------------------------------------------| 7.7% Complete, 387/5007News parsing progress: |███-----------------------------------------------| 7.7% Complete, 388/5007News parsing progress: |███-----------------------------------------------| 7.8% Complete, 389/5007News parsing progress: |███-----------------------------------------------| 7.8% Complete, 390/5007News parsing progress: |███-----------------------------------------------| 7.8% Complete, 391/5007News parsing progress: |███-----------------------------------------------| 7.8% Complete, 392/5007News parsing progress: |███-----------------------------------------------| 7.8% Complete, 393/5007News parsing progress: |███-----------------------------------------------| 7.9% Complete, 394/5007News parsing progress: |███-----------------------------------------------| 7.9% Complete, 395/5007News parsing progress: |███-----------------------------------------------| 7.9% Complete, 396/5007News parsing progress: |███-----------------------------------------------| 7.9% Complete, 397/5007News parsing progress: |███-----------------------------------------------| 7.9% Complete, 398/5007News parsing progress: |███-----------------------------------------------| 8.0% Complete, 399/5007News parsing progress: |███-----------------------------------------------| 8.0% Complete, 400/5007News parsing progress: |████----------------------------------------------| 8.0% Complete, 401/5007News parsing progress: |████----------------------------------------------| 8.0% Complete, 402/5007News parsing progress: |████----------------------------------------------| 8.0% Complete, 403/5007News parsing progress: |████----------------------------------------------| 8.1% Complete, 404/5007News parsing progress: |████----------------------------------------------| 8.1% Complete, 405/5007News parsing progress: |████----------------------------------------------| 8.1% Complete, 406/5007News parsing progress: |████----------------------------------------------| 8.1% Complete, 407/5007News parsing progress: |████----------------------------------------------| 8.1% Complete, 408/5007News parsing progress: |████----------------------------------------------| 8.2% Complete, 409/5007News parsing progress: |████----------------------------------------------| 8.2% Complete, 410/5007News parsing progress: |████----------------------------------------------| 8.2% Complete, 411/5007News parsing progress: |████----------------------------------------------| 8.2% Complete, 412/5007News parsing progress: |████----------------------------------------------| 8.2% Complete, 413/5007News parsing progress: |████----------------------------------------------| 8.3% Complete, 414/5007News parsing progress: |████----------------------------------------------| 8.3% Complete, 415/5007News parsing progress: |████----------------------------------------------| 8.3% Complete, 416/5007News parsing progress: |████----------------------------------------------| 8.3% Complete, 417/5007News parsing progress: |████----------------------------------------------| 8.3% Complete, 418/5007News parsing progress: |████----------------------------------------------| 8.4% Complete, 419/5007News parsing progress: |████----------------------------------------------| 8.4% Complete, 420/5007News parsing progress: |████----------------------------------------------| 8.4% Complete, 421/5007News parsing progress: |████----------------------------------------------| 8.4% Complete, 422/5007News parsing progress: |████----------------------------------------------| 8.4% Complete, 423/5007News parsing progress: |████----------------------------------------------| 8.5% Complete, 424/5007News parsing progress: |████----------------------------------------------| 8.5% Complete, 425/5007News parsing progress: |████----------------------------------------------| 8.5% Complete, 426/5007News parsing progress: |████----------------------------------------------| 8.5% Complete, 427/5007News parsing progress: |████----------------------------------------------| 8.5% Complete, 428/5007News parsing progress: |████----------------------------------------------| 8.6% Complete, 429/5007News parsing progress: |████----------------------------------------------| 8.6% Complete, 430/5007News parsing progress: |████----------------------------------------------| 8.6% Complete, 431/5007News parsing progress: |████----------------------------------------------| 8.6% Complete, 432/5007News parsing progress: |████----------------------------------------------| 8.6% Complete, 433/5007News parsing progress: |████----------------------------------------------| 8.7% Complete, 434/5007News parsing progress: |████----------------------------------------------| 8.7% Complete, 435/5007News parsing progress: |████----------------------------------------------| 8.7% Complete, 436/5007News parsing progress: |████----------------------------------------------| 8.7% Complete, 437/5007News parsing progress: |████----------------------------------------------| 8.7% Complete, 438/5007News parsing progress: |████----------------------------------------------| 8.8% Complete, 439/5007News parsing progress: |████----------------------------------------------| 8.8% Complete, 440/5007News parsing progress: |████----------------------------------------------| 8.8% Complete, 441/5007News parsing progress: |████----------------------------------------------| 8.8% Complete, 442/5007News parsing progress: |████----------------------------------------------| 8.8% Complete, 443/5007News parsing progress: |████----------------------------------------------| 8.9% Complete, 444/5007News parsing progress: |████----------------------------------------------| 8.9% Complete, 445/5007News parsing progress: |████----------------------------------------------| 8.9% Complete, 446/5007News parsing progress: |████----------------------------------------------| 8.9% Complete, 447/5007News parsing progress: |████----------------------------------------------| 8.9% Complete, 448/5007News parsing progress: |████----------------------------------------------| 9.0% Complete, 449/5007News parsing progress: |████----------------------------------------------| 9.0% Complete, 450/5007News parsing progress: |████----------------------------------------------| 9.0% Complete, 451/5007News parsing progress: |████----------------------------------------------| 9.0% Complete, 452/5007News parsing progress: |████----------------------------------------------| 9.0% Complete, 453/5007News parsing progress: |████----------------------------------------------| 9.1% Complete, 454/5007News parsing progress: |████----------------------------------------------| 9.1% Complete, 455/5007News parsing progress: |████----------------------------------------------| 9.1% Complete, 456/5007News parsing progress: |████----------------------------------------------| 9.1% Complete, 457/5007News parsing progress: |████----------------------------------------------| 9.1% Complete, 458/5007News parsing progress: |████----------------------------------------------| 9.2% Complete, 459/5007News parsing progress: |████----------------------------------------------| 9.2% Complete, 460/5007News parsing progress: |████----------------------------------------------| 9.2% Complete, 461/5007News parsing progress: |████----------------------------------------------| 9.2% Complete, 462/5007News parsing progress: |████----------------------------------------------| 9.2% Complete, 463/5007News parsing progress: |████----------------------------------------------| 9.3% Complete, 464/5007News parsing progress: |████----------------------------------------------| 9.3% Complete, 465/5007News parsing progress: |████----------------------------------------------| 9.3% Complete, 466/5007News parsing progress: |████----------------------------------------------| 9.3% Complete, 467/5007News parsing progress: |████----------------------------------------------| 9.3% Complete, 468/5007News parsing progress: |████----------------------------------------------| 9.4% Complete, 469/5007News parsing progress: |████----------------------------------------------| 9.4% Complete, 470/5007News parsing progress: |████----------------------------------------------| 9.4% Complete, 471/5007News parsing progress: |████----------------------------------------------| 9.4% Complete, 472/5007News parsing progress: |████----------------------------------------------| 9.4% Complete, 473/5007News parsing progress: |████----------------------------------------------| 9.5% Complete, 474/5007News parsing progress: |████----------------------------------------------| 9.5% Complete, 475/5007News parsing progress: |████----------------------------------------------| 9.5% Complete, 476/5007News parsing progress: |████----------------------------------------------| 9.5% Complete, 477/5007News parsing progress: |████----------------------------------------------| 9.5% Complete, 478/5007News parsing progress: |████----------------------------------------------| 9.6% Complete, 479/5007News parsing progress: |████----------------------------------------------| 9.6% Complete, 480/5007News parsing progress: |████----------------------------------------------| 9.6% Complete, 481/5007News parsing progress: |████----------------------------------------------| 9.6% Complete, 482/5007News parsing progress: |████----------------------------------------------| 9.6% Complete, 483/5007News parsing progress: |████----------------------------------------------| 9.7% Complete, 484/5007News parsing progress: |████----------------------------------------------| 9.7% Complete, 485/5007News parsing progress: |████----------------------------------------------| 9.7% Complete, 486/5007News parsing progress: |████----------------------------------------------| 9.7% Complete, 487/5007News parsing progress: |████----------------------------------------------| 9.7% Complete, 488/5007News parsing progress: |████----------------------------------------------| 9.8% Complete, 489/5007News parsing progress: |████----------------------------------------------| 9.8% Complete, 490/5007News parsing progress: |████----------------------------------------------| 9.8% Complete, 491/5007News parsing progress: |████----------------------------------------------| 9.8% Complete, 492/5007News parsing progress: |████----------------------------------------------| 9.8% Complete, 493/5007News parsing progress: |████----------------------------------------------| 9.9% Complete, 494/5007News parsing progress: |████----------------------------------------------| 9.9% Complete, 495/5007News parsing progress: |████----------------------------------------------| 9.9% Complete, 496/5007News parsing progress: |████----------------------------------------------| 9.9% Complete, 497/5007News parsing progress: |████----------------------------------------------| 9.9% Complete, 498/5007News parsing progress: |████----------------------------------------------| 10.0% Complete, 499/5007News parsing progress: |████----------------------------------------------| 10.0% Complete, 500/5007News parsing progress: |█████---------------------------------------------| 10.0% Complete, 501/5007News parsing progress: |█████---------------------------------------------| 10.0% Complete, 502/5007News parsing progress: |█████---------------------------------------------| 10.0% Complete, 503/5007News parsing progress: |█████---------------------------------------------| 10.1% Complete, 504/5007News parsing progress: |█████---------------------------------------------| 10.1% Complete, 505/5007News parsing progress: |█████---------------------------------------------| 10.1% Complete, 506/5007News parsing progress: |█████---------------------------------------------| 10.1% Complete, 507/5007News parsing progress: |█████---------------------------------------------| 10.1% Complete, 508/5007News parsing progress: |█████---------------------------------------------| 10.2% Complete, 509/5007News parsing progress: |█████---------------------------------------------| 10.2% Complete, 510/5007News parsing progress: |█████---------------------------------------------| 10.2% Complete, 511/5007News parsing progress: |█████---------------------------------------------| 10.2% Complete, 512/5007News parsing progress: |█████---------------------------------------------| 10.2% Complete, 513/5007News parsing progress: |█████---------------------------------------------| 10.3% Complete, 514/5007News parsing progress: |█████---------------------------------------------| 10.3% Complete, 515/5007News parsing progress: |█████---------------------------------------------| 10.3% Complete, 516/5007News parsing progress: |█████---------------------------------------------| 10.3% Complete, 517/5007News parsing progress: |█████---------------------------------------------| 10.3% Complete, 518/5007News parsing progress: |█████---------------------------------------------| 10.4% Complete, 519/5007News parsing progress: |█████---------------------------------------------| 10.4% Complete, 520/5007News parsing progress: |█████---------------------------------------------| 10.4% Complete, 521/5007News parsing progress: |█████---------------------------------------------| 10.4% Complete, 522/5007News parsing progress: |█████---------------------------------------------| 10.4% Complete, 523/5007News parsing progress: |█████---------------------------------------------| 10.5% Complete, 524/5007News parsing progress: |█████---------------------------------------------| 10.5% Complete, 525/5007News parsing progress: |█████---------------------------------------------| 10.5% Complete, 526/5007News parsing progress: |█████---------------------------------------------| 10.5% Complete, 527/5007News parsing progress: |█████---------------------------------------------| 10.5% Complete, 528/5007News parsing progress: |█████---------------------------------------------| 10.6% Complete, 529/5007News parsing progress: |█████---------------------------------------------| 10.6% Complete, 530/5007News parsing progress: |█████---------------------------------------------| 10.6% Complete, 531/5007News parsing progress: |█████---------------------------------------------| 10.6% Complete, 532/5007News parsing progress: |█████---------------------------------------------| 10.6% Complete, 533/5007News parsing progress: |█████---------------------------------------------| 10.7% Complete, 534/5007News parsing progress: |█████---------------------------------------------| 10.7% Complete, 535/5007News parsing progress: |█████---------------------------------------------| 10.7% Complete, 536/5007News parsing progress: |█████---------------------------------------------| 10.7% Complete, 537/5007News parsing progress: |█████---------------------------------------------| 10.7% Complete, 538/5007News parsing progress: |█████---------------------------------------------| 10.8% Complete, 539/5007News parsing progress: |█████---------------------------------------------| 10.8% Complete, 540/5007News parsing progress: |█████---------------------------------------------| 10.8% Complete, 541/5007News parsing progress: |█████---------------------------------------------| 10.8% Complete, 542/5007News parsing progress: |█████---------------------------------------------| 10.8% Complete, 543/5007News parsing progress: |█████---------------------------------------------| 10.9% Complete, 544/5007News parsing progress: |█████---------------------------------------------| 10.9% Complete, 545/5007News parsing progress: |█████---------------------------------------------| 10.9% Complete, 546/5007News parsing progress: |█████---------------------------------------------| 10.9% Complete, 547/5007News parsing progress: |█████---------------------------------------------| 10.9% Complete, 548/5007News parsing progress: |█████---------------------------------------------| 11.0% Complete, 549/5007News parsing progress: |█████---------------------------------------------| 11.0% Complete, 550/5007News parsing progress: |█████---------------------------------------------| 11.0% Complete, 551/5007News parsing progress: |█████---------------------------------------------| 11.0% Complete, 552/5007News parsing progress: |█████---------------------------------------------| 11.0% Complete, 553/5007News parsing progress: |█████---------------------------------------------| 11.1% Complete, 554/5007News parsing progress: |█████---------------------------------------------| 11.1% Complete, 555/5007News parsing progress: |█████---------------------------------------------| 11.1% Complete, 556/5007News parsing progress: |█████---------------------------------------------| 11.1% Complete, 557/5007News parsing progress: |█████---------------------------------------------| 11.1% Complete, 558/5007News parsing progress: |█████---------------------------------------------| 11.2% Complete, 559/5007News parsing progress: |█████---------------------------------------------| 11.2% Complete, 560/5007News parsing progress: |█████---------------------------------------------| 11.2% Complete, 561/5007News parsing progress: |█████---------------------------------------------| 11.2% Complete, 562/5007News parsing progress: |█████---------------------------------------------| 11.2% Complete, 563/5007News parsing progress: |█████---------------------------------------------| 11.3% Complete, 564/5007News parsing progress: |█████---------------------------------------------| 11.3% Complete, 565/5007News parsing progress: |█████---------------------------------------------| 11.3% Complete, 566/5007News parsing progress: |█████---------------------------------------------| 11.3% Complete, 567/5007News parsing progress: |█████---------------------------------------------| 11.3% Complete, 568/5007News parsing progress: |█████---------------------------------------------| 11.4% Complete, 569/5007News parsing progress: |█████---------------------------------------------| 11.4% Complete, 570/5007News parsing progress: |█████---------------------------------------------| 11.4% Complete, 571/5007News parsing progress: |█████---------------------------------------------| 11.4% Complete, 572/5007News parsing progress: |█████---------------------------------------------| 11.4% Complete, 573/5007News parsing progress: |█████---------------------------------------------| 11.5% Complete, 574/5007News parsing progress: |█████---------------------------------------------| 11.5% Complete, 575/5007News parsing progress: |█████---------------------------------------------| 11.5% Complete, 576/5007News parsing progress: |█████---------------------------------------------| 11.5% Complete, 577/5007News parsing progress: |█████---------------------------------------------| 11.5% Complete, 578/5007News parsing progress: |█████---------------------------------------------| 11.6% Complete, 579/5007News parsing progress: |█████---------------------------------------------| 11.6% Complete, 580/5007News parsing progress: |█████---------------------------------------------| 11.6% Complete, 581/5007News parsing progress: |█████---------------------------------------------| 11.6% Complete, 582/5007News parsing progress: |█████---------------------------------------------| 11.6% Complete, 583/5007News parsing progress: |█████---------------------------------------------| 11.7% Complete, 584/5007News parsing progress: |█████---------------------------------------------| 11.7% Complete, 585/5007News parsing progress: |█████---------------------------------------------| 11.7% Complete, 586/5007News parsing progress: |█████---------------------------------------------| 11.7% Complete, 587/5007News parsing progress: |█████---------------------------------------------| 11.7% Complete, 588/5007News parsing progress: |█████---------------------------------------------| 11.8% Complete, 589/5007News parsing progress: |█████---------------------------------------------| 11.8% Complete, 590/5007News parsing progress: |█████---------------------------------------------| 11.8% Complete, 591/5007News parsing progress: |█████---------------------------------------------| 11.8% Complete, 592/5007News parsing progress: |█████---------------------------------------------| 11.8% Complete, 593/5007News parsing progress: |█████---------------------------------------------| 11.9% Complete, 594/5007News parsing progress: |█████---------------------------------------------| 11.9% Complete, 595/5007News parsing progress: |█████---------------------------------------------| 11.9% Complete, 596/5007News parsing progress: |█████---------------------------------------------| 11.9% Complete, 597/5007News parsing progress: |█████---------------------------------------------| 11.9% Complete, 598/5007News parsing progress: |█████---------------------------------------------| 12.0% Complete, 599/5007News parsing progress: |█████---------------------------------------------| 12.0% Complete, 600/5007News parsing progress: |██████--------------------------------------------| 12.0% Complete, 601/5007News parsing progress: |██████--------------------------------------------| 12.0% Complete, 602/5007News parsing progress: |██████--------------------------------------------| 12.0% Complete, 603/5007News parsing progress: |██████--------------------------------------------| 12.1% Complete, 604/5007News parsing progress: |██████--------------------------------------------| 12.1% Complete, 605/5007News parsing progress: |██████--------------------------------------------| 12.1% Complete, 606/5007News parsing progress: |██████--------------------------------------------| 12.1% Complete, 607/5007News parsing progress: |██████--------------------------------------------| 12.1% Complete, 608/5007News parsing progress: |██████--------------------------------------------| 12.2% Complete, 609/5007News parsing progress: |██████--------------------------------------------| 12.2% Complete, 610/5007News parsing progress: |██████--------------------------------------------| 12.2% Complete, 611/5007News parsing progress: |██████--------------------------------------------| 12.2% Complete, 612/5007News parsing progress: |██████--------------------------------------------| 12.2% Complete, 613/5007News parsing progress: |██████--------------------------------------------| 12.3% Complete, 614/5007News parsing progress: |██████--------------------------------------------| 12.3% Complete, 615/5007News parsing progress: |██████--------------------------------------------| 12.3% Complete, 616/5007News parsing progress: |██████--------------------------------------------| 12.3% Complete, 617/5007News parsing progress: |██████--------------------------------------------| 12.3% Complete, 618/5007News parsing progress: |██████--------------------------------------------| 12.4% Complete, 619/5007News parsing progress: |██████--------------------------------------------| 12.4% Complete, 620/5007News parsing progress: |██████--------------------------------------------| 12.4% Complete, 621/5007News parsing progress: |██████--------------------------------------------| 12.4% Complete, 622/5007News parsing progress: |██████--------------------------------------------| 12.4% Complete, 623/5007News parsing progress: |██████--------------------------------------------| 12.5% Complete, 624/5007News parsing progress: |██████--------------------------------------------| 12.5% Complete, 625/5007News parsing progress: |██████--------------------------------------------| 12.5% Complete, 626/5007News parsing progress: |██████--------------------------------------------| 12.5% Complete, 627/5007News parsing progress: |██████--------------------------------------------| 12.5% Complete, 628/5007News parsing progress: |██████--------------------------------------------| 12.6% Complete, 629/5007News parsing progress: |██████--------------------------------------------| 12.6% Complete, 630/5007News parsing progress: |██████--------------------------------------------| 12.6% Complete, 631/5007News parsing progress: |██████--------------------------------------------| 12.6% Complete, 632/5007News parsing progress: |██████--------------------------------------------| 12.6% Complete, 633/5007News parsing progress: |██████--------------------------------------------| 12.7% Complete, 634/5007News parsing progress: |██████--------------------------------------------| 12.7% Complete, 635/5007News parsing progress: |██████--------------------------------------------| 12.7% Complete, 636/5007News parsing progress: |██████--------------------------------------------| 12.7% Complete, 637/5007News parsing progress: |██████--------------------------------------------| 12.7% Complete, 638/5007News parsing progress: |██████--------------------------------------------| 12.8% Complete, 639/5007News parsing progress: |██████--------------------------------------------| 12.8% Complete, 640/5007News parsing progress: |██████--------------------------------------------| 12.8% Complete, 641/5007News parsing progress: |██████--------------------------------------------| 12.8% Complete, 642/5007News parsing progress: |██████--------------------------------------------| 12.8% Complete, 643/5007News parsing progress: |██████--------------------------------------------| 12.9% Complete, 644/5007News parsing progress: |██████--------------------------------------------| 12.9% Complete, 645/5007News parsing progress: |██████--------------------------------------------| 12.9% Complete, 646/5007News parsing progress: |██████--------------------------------------------| 12.9% Complete, 647/5007News parsing progress: |██████--------------------------------------------| 12.9% Complete, 648/5007News parsing progress: |██████--------------------------------------------| 13.0% Complete, 649/5007News parsing progress: |██████--------------------------------------------| 13.0% Complete, 650/5007News parsing progress: |██████--------------------------------------------| 13.0% Complete, 651/5007News parsing progress: |██████--------------------------------------------| 13.0% Complete, 652/5007News parsing progress: |██████--------------------------------------------| 13.0% Complete, 653/5007News parsing progress: |██████--------------------------------------------| 13.1% Complete, 654/5007News parsing progress: |██████--------------------------------------------| 13.1% Complete, 655/5007News parsing progress: |██████--------------------------------------------| 13.1% Complete, 656/5007News parsing progress: |██████--------------------------------------------| 13.1% Complete, 657/5007News parsing progress: |██████--------------------------------------------| 13.1% Complete, 658/5007News parsing progress: |██████--------------------------------------------| 13.2% Complete, 659/5007News parsing progress: |██████--------------------------------------------| 13.2% Complete, 660/5007News parsing progress: |██████--------------------------------------------| 13.2% Complete, 661/5007News parsing progress: |██████--------------------------------------------| 13.2% Complete, 662/5007News parsing progress: |██████--------------------------------------------| 13.2% Complete, 663/5007News parsing progress: |██████--------------------------------------------| 13.3% Complete, 664/5007News parsing progress: |██████--------------------------------------------| 13.3% Complete, 665/5007News parsing progress: |██████--------------------------------------------| 13.3% Complete, 666/5007News parsing progress: |██████--------------------------------------------| 13.3% Complete, 667/5007News parsing progress: |██████--------------------------------------------| 13.3% Complete, 668/5007News parsing progress: |██████--------------------------------------------| 13.4% Complete, 669/5007News parsing progress: |██████--------------------------------------------| 13.4% Complete, 670/5007News parsing progress: |██████--------------------------------------------| 13.4% Complete, 671/5007News parsing progress: |██████--------------------------------------------| 13.4% Complete, 672/5007News parsing progress: |██████--------------------------------------------| 13.4% Complete, 673/5007News parsing progress: |██████--------------------------------------------| 13.5% Complete, 674/5007News parsing progress: |██████--------------------------------------------| 13.5% Complete, 675/5007News parsing progress: |██████--------------------------------------------| 13.5% Complete, 676/5007News parsing progress: |██████--------------------------------------------| 13.5% Complete, 677/5007News parsing progress: |██████--------------------------------------------| 13.5% Complete, 678/5007News parsing progress: |██████--------------------------------------------| 13.6% Complete, 679/5007News parsing progress: |██████--------------------------------------------| 13.6% Complete, 680/5007News parsing progress: |██████--------------------------------------------| 13.6% Complete, 681/5007News parsing progress: |██████--------------------------------------------| 13.6% Complete, 682/5007News parsing progress: |██████--------------------------------------------| 13.6% Complete, 683/5007News parsing progress: |██████--------------------------------------------| 13.7% Complete, 684/5007News parsing progress: |██████--------------------------------------------| 13.7% Complete, 685/5007News parsing progress: |██████--------------------------------------------| 13.7% Complete, 686/5007News parsing progress: |██████--------------------------------------------| 13.7% Complete, 687/5007News parsing progress: |██████--------------------------------------------| 13.7% Complete, 688/5007News parsing progress: |██████--------------------------------------------| 13.8% Complete, 689/5007News parsing progress: |██████--------------------------------------------| 13.8% Complete, 690/5007News parsing progress: |██████--------------------------------------------| 13.8% Complete, 691/5007News parsing progress: |██████--------------------------------------------| 13.8% Complete, 692/5007News parsing progress: |██████--------------------------------------------| 13.8% Complete, 693/5007News parsing progress: |██████--------------------------------------------| 13.9% Complete, 694/5007News parsing progress: |██████--------------------------------------------| 13.9% Complete, 695/5007News parsing progress: |██████--------------------------------------------| 13.9% Complete, 696/5007News parsing progress: |██████--------------------------------------------| 13.9% Complete, 697/5007News parsing progress: |██████--------------------------------------------| 13.9% Complete, 698/5007News parsing progress: |██████--------------------------------------------| 14.0% Complete, 699/5007News parsing progress: |██████--------------------------------------------| 14.0% Complete, 700/5007News parsing progress: |███████-------------------------------------------| 14.0% Complete, 701/5007News parsing progress: |███████-------------------------------------------| 14.0% Complete, 702/5007News parsing progress: |███████-------------------------------------------| 14.0% Complete, 703/5007News parsing progress: |███████-------------------------------------------| 14.1% Complete, 704/5007News parsing progress: |███████-------------------------------------------| 14.1% Complete, 705/5007News parsing progress: |███████-------------------------------------------| 14.1% Complete, 706/5007News parsing progress: |███████-------------------------------------------| 14.1% Complete, 707/5007News parsing progress: |███████-------------------------------------------| 14.1% Complete, 708/5007News parsing progress: |███████-------------------------------------------| 14.2% Complete, 709/5007News parsing progress: |███████-------------------------------------------| 14.2% Complete, 710/5007News parsing progress: |███████-------------------------------------------| 14.2% Complete, 711/5007News parsing progress: |███████-------------------------------------------| 14.2% Complete, 712/5007News parsing progress: |███████-------------------------------------------| 14.2% Complete, 713/5007News parsing progress: |███████-------------------------------------------| 14.3% Complete, 714/5007News parsing progress: |███████-------------------------------------------| 14.3% Complete, 715/5007News parsing progress: |███████-------------------------------------------| 14.3% Complete, 716/5007News parsing progress: |███████-------------------------------------------| 14.3% Complete, 717/5007News parsing progress: |███████-------------------------------------------| 14.3% Complete, 718/5007News parsing progress: |███████-------------------------------------------| 14.4% Complete, 719/5007News parsing progress: |███████-------------------------------------------| 14.4% Complete, 720/5007News parsing progress: |███████-------------------------------------------| 14.4% Complete, 721/5007News parsing progress: |███████-------------------------------------------| 14.4% Complete, 722/5007News parsing progress: |███████-------------------------------------------| 14.4% Complete, 723/5007News parsing progress: |███████-------------------------------------------| 14.5% Complete, 724/5007News parsing progress: |███████-------------------------------------------| 14.5% Complete, 725/5007News parsing progress: |███████-------------------------------------------| 14.5% Complete, 726/5007News parsing progress: |███████-------------------------------------------| 14.5% Complete, 727/5007News parsing progress: |███████-------------------------------------------| 14.5% Complete, 728/5007News parsing progress: |███████-------------------------------------------| 14.6% Complete, 729/5007News parsing progress: |███████-------------------------------------------| 14.6% Complete, 730/5007News parsing progress: |███████-------------------------------------------| 14.6% Complete, 731/5007News parsing progress: |███████-------------------------------------------| 14.6% Complete, 732/5007News parsing progress: |███████-------------------------------------------| 14.6% Complete, 733/5007News parsing progress: |███████-------------------------------------------| 14.7% Complete, 734/5007News parsing progress: |███████-------------------------------------------| 14.7% Complete, 735/5007News parsing progress: |███████-------------------------------------------| 14.7% Complete, 736/5007News parsing progress: |███████-------------------------------------------| 14.7% Complete, 737/5007News parsing progress: |███████-------------------------------------------| 14.7% Complete, 738/5007News parsing progress: |███████-------------------------------------------| 14.8% Complete, 739/5007News parsing progress: |███████-------------------------------------------| 14.8% Complete, 740/5007News parsing progress: |███████-------------------------------------------| 14.8% Complete, 741/5007News parsing progress: |███████-------------------------------------------| 14.8% Complete, 742/5007News parsing progress: |███████-------------------------------------------| 14.8% Complete, 743/5007News parsing progress: |███████-------------------------------------------| 14.9% Complete, 744/5007News parsing progress: |███████-------------------------------------------| 14.9% Complete, 745/5007News parsing progress: |███████-------------------------------------------| 14.9% Complete, 746/5007News parsing progress: |███████-------------------------------------------| 14.9% Complete, 747/5007News parsing progress: |███████-------------------------------------------| 14.9% Complete, 748/5007News parsing progress: |███████-------------------------------------------| 15.0% Complete, 749/5007News parsing progress: |███████-------------------------------------------| 15.0% Complete, 750/5007News parsing progress: |███████-------------------------------------------| 15.0% Complete, 751/5007News parsing progress: |███████-------------------------------------------| 15.0% Complete, 752/5007News parsing progress: |███████-------------------------------------------| 15.0% Complete, 753/5007News parsing progress: |███████-------------------------------------------| 15.1% Complete, 754/5007News parsing progress: |███████-------------------------------------------| 15.1% Complete, 755/5007News parsing progress: |███████-------------------------------------------| 15.1% Complete, 756/5007News parsing progress: |███████-------------------------------------------| 15.1% Complete, 757/5007News parsing progress: |███████-------------------------------------------| 15.1% Complete, 758/5007News parsing progress: |███████-------------------------------------------| 15.2% Complete, 759/5007News parsing progress: |███████-------------------------------------------| 15.2% Complete, 760/5007News parsing progress: |███████-------------------------------------------| 15.2% Complete, 761/5007News parsing progress: |███████-------------------------------------------| 15.2% Complete, 762/5007News parsing progress: |███████-------------------------------------------| 15.2% Complete, 763/5007News parsing progress: |███████-------------------------------------------| 15.3% Complete, 764/5007News parsing progress: |███████-------------------------------------------| 15.3% Complete, 765/5007News parsing progress: |███████-------------------------------------------| 15.3% Complete, 766/5007News parsing progress: |███████-------------------------------------------| 15.3% Complete, 767/5007News parsing progress: |███████-------------------------------------------| 15.3% Complete, 768/5007News parsing progress: |███████-------------------------------------------| 15.4% Complete, 769/5007News parsing progress: |███████-------------------------------------------| 15.4% Complete, 770/5007News parsing progress: |███████-------------------------------------------| 15.4% Complete, 771/5007News parsing progress: |███████-------------------------------------------| 15.4% Complete, 772/5007News parsing progress: |███████-------------------------------------------| 15.4% Complete, 773/5007News parsing progress: |███████-------------------------------------------| 15.5% Complete, 774/5007News parsing progress: |███████-------------------------------------------| 15.5% Complete, 775/5007News parsing progress: |███████-------------------------------------------| 15.5% Complete, 776/5007News parsing progress: |███████-------------------------------------------| 15.5% Complete, 777/5007News parsing progress: |███████-------------------------------------------| 15.5% Complete, 778/5007News parsing progress: |███████-------------------------------------------| 15.6% Complete, 779/5007News parsing progress: |███████-------------------------------------------| 15.6% Complete, 780/5007News parsing progress: |███████-------------------------------------------| 15.6% Complete, 781/5007News parsing progress: |███████-------------------------------------------| 15.6% Complete, 782/5007News parsing progress: |███████-------------------------------------------| 15.6% Complete, 783/5007News parsing progress: |███████-------------------------------------------| 15.7% Complete, 784/5007News parsing progress: |███████-------------------------------------------| 15.7% Complete, 785/5007News parsing progress: |███████-------------------------------------------| 15.7% Complete, 786/5007News parsing progress: |███████-------------------------------------------| 15.7% Complete, 787/5007News parsing progress: |███████-------------------------------------------| 15.7% Complete, 788/5007News parsing progress: |███████-------------------------------------------| 15.8% Complete, 789/5007News parsing progress: |███████-------------------------------------------| 15.8% Complete, 790/5007News parsing progress: |███████-------------------------------------------| 15.8% Complete, 791/5007News parsing progress: |███████-------------------------------------------| 15.8% Complete, 792/5007News parsing progress: |███████-------------------------------------------| 15.8% Complete, 793/5007News parsing progress: |███████-------------------------------------------| 15.9% Complete, 794/5007News parsing progress: |███████-------------------------------------------| 15.9% Complete, 795/5007News parsing progress: |███████-------------------------------------------| 15.9% Complete, 796/5007News parsing progress: |███████-------------------------------------------| 15.9% Complete, 797/5007News parsing progress: |███████-------------------------------------------| 15.9% Complete, 798/5007News parsing progress: |███████-------------------------------------------| 16.0% Complete, 799/5007News parsing progress: |███████-------------------------------------------| 16.0% Complete, 800/5007News parsing progress: |███████-------------------------------------------| 16.0% Complete, 801/5007News parsing progress: |████████------------------------------------------| 16.0% Complete, 802/5007News parsing progress: |████████------------------------------------------| 16.0% Complete, 803/5007News parsing progress: |████████------------------------------------------| 16.1% Complete, 804/5007News parsing progress: |████████------------------------------------------| 16.1% Complete, 805/5007News parsing progress: |████████------------------------------------------| 16.1% Complete, 806/5007News parsing progress: |████████------------------------------------------| 16.1% Complete, 807/5007News parsing progress: |████████------------------------------------------| 16.1% Complete, 808/5007News parsing progress: |████████------------------------------------------| 16.2% Complete, 809/5007News parsing progress: |████████------------------------------------------| 16.2% Complete, 810/5007News parsing progress: |████████------------------------------------------| 16.2% Complete, 811/5007News parsing progress: |████████------------------------------------------| 16.2% Complete, 812/5007News parsing progress: |████████------------------------------------------| 16.2% Complete, 813/5007News parsing progress: |████████------------------------------------------| 16.3% Complete, 814/5007News parsing progress: |████████------------------------------------------| 16.3% Complete, 815/5007News parsing progress: |████████------------------------------------------| 16.3% Complete, 816/5007News parsing progress: |████████------------------------------------------| 16.3% Complete, 817/5007News parsing progress: |████████------------------------------------------| 16.3% Complete, 818/5007News parsing progress: |████████------------------------------------------| 16.4% Complete, 819/5007News parsing progress: |████████------------------------------------------| 16.4% Complete, 820/5007News parsing progress: |████████------------------------------------------| 16.4% Complete, 821/5007News parsing progress: |████████------------------------------------------| 16.4% Complete, 822/5007News parsing progress: |████████------------------------------------------| 16.4% Complete, 823/5007News parsing progress: |████████------------------------------------------| 16.5% Complete, 824/5007News parsing progress: |████████------------------------------------------| 16.5% Complete, 825/5007News parsing progress: |████████------------------------------------------| 16.5% Complete, 826/5007News parsing progress: |████████------------------------------------------| 16.5% Complete, 827/5007News parsing progress: |████████------------------------------------------| 16.5% Complete, 828/5007News parsing progress: |████████------------------------------------------| 16.6% Complete, 829/5007News parsing progress: |████████------------------------------------------| 16.6% Complete, 830/5007News parsing progress: |████████------------------------------------------| 16.6% Complete, 831/5007News parsing progress: |████████------------------------------------------| 16.6% Complete, 832/5007News parsing progress: |████████------------------------------------------| 16.6% Complete, 833/5007News parsing progress: |████████------------------------------------------| 16.7% Complete, 834/5007News parsing progress: |████████------------------------------------------| 16.7% Complete, 835/5007News parsing progress: |████████------------------------------------------| 16.7% Complete, 836/5007News parsing progress: |████████------------------------------------------| 16.7% Complete, 837/5007News parsing progress: |████████------------------------------------------| 16.7% Complete, 838/5007News parsing progress: |████████------------------------------------------| 16.8% Complete, 839/5007News parsing progress: |████████------------------------------------------| 16.8% Complete, 840/5007News parsing progress: |████████------------------------------------------| 16.8% Complete, 841/5007News parsing progress: |████████------------------------------------------| 16.8% Complete, 842/5007News parsing progress: |████████------------------------------------------| 16.8% Complete, 843/5007News parsing progress: |████████------------------------------------------| 16.9% Complete, 844/5007News parsing progress: |████████------------------------------------------| 16.9% Complete, 845/5007News parsing progress: |████████------------------------------------------| 16.9% Complete, 846/5007News parsing progress: |████████------------------------------------------| 16.9% Complete, 847/5007News parsing progress: |████████------------------------------------------| 16.9% Complete, 848/5007News parsing progress: |████████------------------------------------------| 17.0% Complete, 849/5007News parsing progress: |████████------------------------------------------| 17.0% Complete, 850/5007News parsing progress: |████████------------------------------------------| 17.0% Complete, 851/5007News parsing progress: |████████------------------------------------------| 17.0% Complete, 852/5007News parsing progress: |████████------------------------------------------| 17.0% Complete, 853/5007News parsing progress: |████████------------------------------------------| 17.1% Complete, 854/5007News parsing progress: |████████------------------------------------------| 17.1% Complete, 855/5007News parsing progress: |████████------------------------------------------| 17.1% Complete, 856/5007News parsing progress: |████████------------------------------------------| 17.1% Complete, 857/5007News parsing progress: |████████------------------------------------------| 17.1% Complete, 858/5007News parsing progress: |████████------------------------------------------| 17.2% Complete, 859/5007News parsing progress: |████████------------------------------------------| 17.2% Complete, 860/5007News parsing progress: |████████------------------------------------------| 17.2% Complete, 861/5007News parsing progress: |████████------------------------------------------| 17.2% Complete, 862/5007News parsing progress: |████████------------------------------------------| 17.2% Complete, 863/5007News parsing progress: |████████------------------------------------------| 17.3% Complete, 864/5007News parsing progress: |████████------------------------------------------| 17.3% Complete, 865/5007News parsing progress: |████████------------------------------------------| 17.3% Complete, 866/5007News parsing progress: |████████------------------------------------------| 17.3% Complete, 867/5007News parsing progress: |████████------------------------------------------| 17.3% Complete, 868/5007News parsing progress: |████████------------------------------------------| 17.4% Complete, 869/5007News parsing progress: |████████------------------------------------------| 17.4% Complete, 870/5007News parsing progress: |████████------------------------------------------| 17.4% Complete, 871/5007News parsing progress: |████████------------------------------------------| 17.4% Complete, 872/5007News parsing progress: |████████------------------------------------------| 17.4% Complete, 873/5007News parsing progress: |████████------------------------------------------| 17.5% Complete, 874/5007News parsing progress: |████████------------------------------------------| 17.5% Complete, 875/5007News parsing progress: |████████------------------------------------------| 17.5% Complete, 876/5007News parsing progress: |████████------------------------------------------| 17.5% Complete, 877/5007News parsing progress: |████████------------------------------------------| 17.5% Complete, 878/5007News parsing progress: |████████------------------------------------------| 17.6% Complete, 879/5007News parsing progress: |████████------------------------------------------| 17.6% Complete, 880/5007News parsing progress: |████████------------------------------------------| 17.6% Complete, 881/5007News parsing progress: |████████------------------------------------------| 17.6% Complete, 882/5007News parsing progress: |████████------------------------------------------| 17.6% Complete, 883/5007News parsing progress: |████████------------------------------------------| 17.7% Complete, 884/5007News parsing progress: |████████------------------------------------------| 17.7% Complete, 885/5007News parsing progress: |████████------------------------------------------| 17.7% Complete, 886/5007News parsing progress: |████████------------------------------------------| 17.7% Complete, 887/5007News parsing progress: |████████------------------------------------------| 17.7% Complete, 888/5007News parsing progress: |████████------------------------------------------| 17.8% Complete, 889/5007News parsing progress: |████████------------------------------------------| 17.8% Complete, 890/5007News parsing progress: |████████------------------------------------------| 17.8% Complete, 891/5007News parsing progress: |████████------------------------------------------| 17.8% Complete, 892/5007News parsing progress: |████████------------------------------------------| 17.8% Complete, 893/5007News parsing progress: |████████------------------------------------------| 17.9% Complete, 894/5007News parsing progress: |████████------------------------------------------| 17.9% Complete, 895/5007News parsing progress: |████████------------------------------------------| 17.9% Complete, 896/5007News parsing progress: |████████------------------------------------------| 17.9% Complete, 897/5007News parsing progress: |████████------------------------------------------| 17.9% Complete, 898/5007News parsing progress: |████████------------------------------------------| 18.0% Complete, 899/5007News parsing progress: |████████------------------------------------------| 18.0% Complete, 900/5007News parsing progress: |████████------------------------------------------| 18.0% Complete, 901/5007News parsing progress: |█████████-----------------------------------------| 18.0% Complete, 902/5007News parsing progress: |█████████-----------------------------------------| 18.0% Complete, 903/5007News parsing progress: |█████████-----------------------------------------| 18.1% Complete, 904/5007News parsing progress: |█████████-----------------------------------------| 18.1% Complete, 905/5007News parsing progress: |█████████-----------------------------------------| 18.1% Complete, 906/5007News parsing progress: |█████████-----------------------------------------| 18.1% Complete, 907/5007News parsing progress: |█████████-----------------------------------------| 18.1% Complete, 908/5007News parsing progress: |█████████-----------------------------------------| 18.2% Complete, 909/5007News parsing progress: |█████████-----------------------------------------| 18.2% Complete, 910/5007News parsing progress: |█████████-----------------------------------------| 18.2% Complete, 911/5007News parsing progress: |█████████-----------------------------------------| 18.2% Complete, 912/5007News parsing progress: |█████████-----------------------------------------| 18.2% Complete, 913/5007News parsing progress: |█████████-----------------------------------------| 18.3% Complete, 914/5007News parsing progress: |█████████-----------------------------------------| 18.3% Complete, 915/5007News parsing progress: |█████████-----------------------------------------| 18.3% Complete, 916/5007News parsing progress: |█████████-----------------------------------------| 18.3% Complete, 917/5007News parsing progress: |█████████-----------------------------------------| 18.3% Complete, 918/5007News parsing progress: |█████████-----------------------------------------| 18.4% Complete, 919/5007News parsing progress: |█████████-----------------------------------------| 18.4% Complete, 920/5007News parsing progress: |█████████-----------------------------------------| 18.4% Complete, 921/5007News parsing progress: |█████████-----------------------------------------| 18.4% Complete, 922/5007News parsing progress: |█████████-----------------------------------------| 18.4% Complete, 923/5007News parsing progress: |█████████-----------------------------------------| 18.5% Complete, 924/5007News parsing progress: |█████████-----------------------------------------| 18.5% Complete, 925/5007News parsing progress: |█████████-----------------------------------------| 18.5% Complete, 926/5007News parsing progress: |█████████-----------------------------------------| 18.5% Complete, 927/5007News parsing progress: |█████████-----------------------------------------| 18.5% Complete, 928/5007News parsing progress: |█████████-----------------------------------------| 18.6% Complete, 929/5007News parsing progress: |█████████-----------------------------------------| 18.6% Complete, 930/5007News parsing progress: |█████████-----------------------------------------| 18.6% Complete, 931/5007News parsing progress: |█████████-----------------------------------------| 18.6% Complete, 932/5007News parsing progress: |█████████-----------------------------------------| 18.6% Complete, 933/5007News parsing progress: |█████████-----------------------------------------| 18.7% Complete, 934/5007News parsing progress: |█████████-----------------------------------------| 18.7% Complete, 935/5007News parsing progress: |█████████-----------------------------------------| 18.7% Complete, 936/5007News parsing progress: |█████████-----------------------------------------| 18.7% Complete, 937/5007News parsing progress: |█████████-----------------------------------------| 18.7% Complete, 938/5007News parsing progress: |█████████-----------------------------------------| 18.8% Complete, 939/5007News parsing progress: |█████████-----------------------------------------| 18.8% Complete, 940/5007News parsing progress: |█████████-----------------------------------------| 18.8% Complete, 941/5007News parsing progress: |█████████-----------------------------------------| 18.8% Complete, 942/5007News parsing progress: |█████████-----------------------------------------| 18.8% Complete, 943/5007News parsing progress: |█████████-----------------------------------------| 18.9% Complete, 944/5007News parsing progress: |█████████-----------------------------------------| 18.9% Complete, 945/5007News parsing progress: |█████████-----------------------------------------| 18.9% Complete, 946/5007News parsing progress: |█████████-----------------------------------------| 18.9% Complete, 947/5007News parsing progress: |█████████-----------------------------------------| 18.9% Complete, 948/5007News parsing progress: |█████████-----------------------------------------| 19.0% Complete, 949/5007News parsing progress: |█████████-----------------------------------------| 19.0% Complete, 950/5007News parsing progress: |█████████-----------------------------------------| 19.0% Complete, 951/5007News parsing progress: |█████████-----------------------------------------| 19.0% Complete, 952/5007News parsing progress: |█████████-----------------------------------------| 19.0% Complete, 953/5007News parsing progress: |█████████-----------------------------------------| 19.1% Complete, 954/5007News parsing progress: |█████████-----------------------------------------| 19.1% Complete, 955/5007News parsing progress: |█████████-----------------------------------------| 19.1% Complete, 956/5007News parsing progress: |█████████-----------------------------------------| 19.1% Complete, 957/5007News parsing progress: |█████████-----------------------------------------| 19.1% Complete, 958/5007News parsing progress: |█████████-----------------------------------------| 19.2% Complete, 959/5007News parsing progress: |█████████-----------------------------------------| 19.2% Complete, 960/5007News parsing progress: |█████████-----------------------------------------| 19.2% Complete, 961/5007News parsing progress: |█████████-----------------------------------------| 19.2% Complete, 962/5007News parsing progress: |█████████-----------------------------------------| 19.2% Complete, 963/5007News parsing progress: |█████████-----------------------------------------| 19.3% Complete, 964/5007News parsing progress: |█████████-----------------------------------------| 19.3% Complete, 965/5007News parsing progress: |█████████-----------------------------------------| 19.3% Complete, 966/5007News parsing progress: |█████████-----------------------------------------| 19.3% Complete, 967/5007News parsing progress: |█████████-----------------------------------------| 19.3% Complete, 968/5007News parsing progress: |█████████-----------------------------------------| 19.4% Complete, 969/5007News parsing progress: |█████████-----------------------------------------| 19.4% Complete, 970/5007News parsing progress: |█████████-----------------------------------------| 19.4% Complete, 971/5007News parsing progress: |█████████-----------------------------------------| 19.4% Complete, 972/5007News parsing progress: |█████████-----------------------------------------| 19.4% Complete, 973/5007News parsing progress: |█████████-----------------------------------------| 19.5% Complete, 974/5007News parsing progress: |█████████-----------------------------------------| 19.5% Complete, 975/5007News parsing progress: |█████████-----------------------------------------| 19.5% Complete, 976/5007News parsing progress: |█████████-----------------------------------------| 19.5% Complete, 977/5007News parsing progress: |█████████-----------------------------------------| 19.5% Complete, 978/5007News parsing progress: |█████████-----------------------------------------| 19.6% Complete, 979/5007News parsing progress: |█████████-----------------------------------------| 19.6% Complete, 980/5007News parsing progress: |█████████-----------------------------------------| 19.6% Complete, 981/5007News parsing progress: |█████████-----------------------------------------| 19.6% Complete, 982/5007News parsing progress: |█████████-----------------------------------------| 19.6% Complete, 983/5007News parsing progress: |█████████-----------------------------------------| 19.7% Complete, 984/5007News parsing progress: |█████████-----------------------------------------| 19.7% Complete, 985/5007News parsing progress: |█████████-----------------------------------------| 19.7% Complete, 986/5007News parsing progress: |█████████-----------------------------------------| 19.7% Complete, 987/5007News parsing progress: |█████████-----------------------------------------| 19.7% Complete, 988/5007News parsing progress: |█████████-----------------------------------------| 19.8% Complete, 989/5007News parsing progress: |█████████-----------------------------------------| 19.8% Complete, 990/5007News parsing progress: |█████████-----------------------------------------| 19.8% Complete, 991/5007News parsing progress: |█████████-----------------------------------------| 19.8% Complete, 992/5007News parsing progress: |█████████-----------------------------------------| 19.8% Complete, 993/5007News parsing progress: |█████████-----------------------------------------| 19.9% Complete, 994/5007News parsing progress: |█████████-----------------------------------------| 19.9% Complete, 995/5007News parsing progress: |█████████-----------------------------------------| 19.9% Complete, 996/5007News parsing progress: |█████████-----------------------------------------| 19.9% Complete, 997/5007News parsing progress: |█████████-----------------------------------------| 19.9% Complete, 998/5007News parsing progress: |█████████-----------------------------------------| 20.0% Complete, 999/5007News parsing progress: |█████████-----------------------------------------| 20.0% Complete, 1000/5007News parsing progress: |█████████-----------------------------------------| 20.0% Complete, 1001/5007News parsing progress: |██████████----------------------------------------| 20.0% Complete, 1002/5007News parsing progress: |██████████----------------------------------------| 20.0% Complete, 1003/5007News parsing progress: |██████████----------------------------------------| 20.1% Complete, 1004/5007News parsing progress: |██████████----------------------------------------| 20.1% Complete, 1005/5007News parsing progress: |██████████----------------------------------------| 20.1% Complete, 1006/5007News parsing progress: |██████████----------------------------------------| 20.1% Complete, 1007/5007News parsing progress: |██████████----------------------------------------| 20.1% Complete, 1008/5007News parsing progress: |██████████----------------------------------------| 20.2% Complete, 1009/5007News parsing progress: |██████████----------------------------------------| 20.2% Complete, 1010/5007News parsing progress: |██████████----------------------------------------| 20.2% Complete, 1011/5007News parsing progress: |██████████----------------------------------------| 20.2% Complete, 1012/5007News parsing progress: |██████████----------------------------------------| 20.2% Complete, 1013/5007News parsing progress: |██████████----------------------------------------| 20.3% Complete, 1014/5007News parsing progress: |██████████----------------------------------------| 20.3% Complete, 1015/5007News parsing progress: |██████████----------------------------------------| 20.3% Complete, 1016/5007News parsing progress: |██████████----------------------------------------| 20.3% Complete, 1017/5007News parsing progress: |██████████----------------------------------------| 20.3% Complete, 1018/5007News parsing progress: |██████████----------------------------------------| 20.4% Complete, 1019/5007News parsing progress: |██████████----------------------------------------| 20.4% Complete, 1020/5007News parsing progress: |██████████----------------------------------------| 20.4% Complete, 1021/5007News parsing progress: |██████████----------------------------------------| 20.4% Complete, 1022/5007News parsing progress: |██████████----------------------------------------| 20.4% Complete, 1023/5007News parsing progress: |██████████----------------------------------------| 20.5% Complete, 1024/5007News parsing progress: |██████████----------------------------------------| 20.5% Complete, 1025/5007News parsing progress: |██████████----------------------------------------| 20.5% Complete, 1026/5007News parsing progress: |██████████----------------------------------------| 20.5% Complete, 1027/5007News parsing progress: |██████████----------------------------------------| 20.5% Complete, 1028/5007News parsing progress: |██████████----------------------------------------| 20.6% Complete, 1029/5007News parsing progress: |██████████----------------------------------------| 20.6% Complete, 1030/5007News parsing progress: |██████████----------------------------------------| 20.6% Complete, 1031/5007News parsing progress: |██████████----------------------------------------| 20.6% Complete, 1032/5007News parsing progress: |██████████----------------------------------------| 20.6% Complete, 1033/5007News parsing progress: |██████████----------------------------------------| 20.7% Complete, 1034/5007News parsing progress: |██████████----------------------------------------| 20.7% Complete, 1035/5007News parsing progress: |██████████----------------------------------------| 20.7% Complete, 1036/5007News parsing progress: |██████████----------------------------------------| 20.7% Complete, 1037/5007News parsing progress: |██████████----------------------------------------| 20.7% Complete, 1038/5007News parsing progress: |██████████----------------------------------------| 20.8% Complete, 1039/5007News parsing progress: |██████████----------------------------------------| 20.8% Complete, 1040/5007News parsing progress: |██████████----------------------------------------| 20.8% Complete, 1041/5007News parsing progress: |██████████----------------------------------------| 20.8% Complete, 1042/5007News parsing progress: |██████████----------------------------------------| 20.8% Complete, 1043/5007News parsing progress: |██████████----------------------------------------| 20.9% Complete, 1044/5007News parsing progress: |██████████----------------------------------------| 20.9% Complete, 1045/5007News parsing progress: |██████████----------------------------------------| 20.9% Complete, 1046/5007News parsing progress: |██████████----------------------------------------| 20.9% Complete, 1047/5007News parsing progress: |██████████----------------------------------------| 20.9% Complete, 1048/5007News parsing progress: |██████████----------------------------------------| 21.0% Complete, 1049/5007News parsing progress: |██████████----------------------------------------| 21.0% Complete, 1050/5007News parsing progress: |██████████----------------------------------------| 21.0% Complete, 1051/5007News parsing progress: |██████████----------------------------------------| 21.0% Complete, 1052/5007News parsing progress: |██████████----------------------------------------| 21.0% Complete, 1053/5007News parsing progress: |██████████----------------------------------------| 21.1% Complete, 1054/5007News parsing progress: |██████████----------------------------------------| 21.1% Complete, 1055/5007News parsing progress: |██████████----------------------------------------| 21.1% Complete, 1056/5007News parsing progress: |██████████----------------------------------------| 21.1% Complete, 1057/5007News parsing progress: |██████████----------------------------------------| 21.1% Complete, 1058/5007News parsing progress: |██████████----------------------------------------| 21.2% Complete, 1059/5007News parsing progress: |██████████----------------------------------------| 21.2% Complete, 1060/5007News parsing progress: |██████████----------------------------------------| 21.2% Complete, 1061/5007News parsing progress: |██████████----------------------------------------| 21.2% Complete, 1062/5007News parsing progress: |██████████----------------------------------------| 21.2% Complete, 1063/5007News parsing progress: |██████████----------------------------------------| 21.3% Complete, 1064/5007News parsing progress: |██████████----------------------------------------| 21.3% Complete, 1065/5007News parsing progress: |██████████----------------------------------------| 21.3% Complete, 1066/5007News parsing progress: |██████████----------------------------------------| 21.3% Complete, 1067/5007News parsing progress: |██████████----------------------------------------| 21.3% Complete, 1068/5007News parsing progress: |██████████----------------------------------------| 21.4% Complete, 1069/5007News parsing progress: |██████████----------------------------------------| 21.4% Complete, 1070/5007News parsing progress: |██████████----------------------------------------| 21.4% Complete, 1071/5007News parsing progress: |██████████----------------------------------------| 21.4% Complete, 1072/5007News parsing progress: |██████████----------------------------------------| 21.4% Complete, 1073/5007News parsing progress: |██████████----------------------------------------| 21.4% Complete, 1074/5007News parsing progress: |██████████----------------------------------------| 21.5% Complete, 1075/5007News parsing progress: |██████████----------------------------------------| 21.5% Complete, 1076/5007News parsing progress: |██████████----------------------------------------| 21.5% Complete, 1077/5007News parsing progress: |██████████----------------------------------------| 21.5% Complete, 1078/5007News parsing progress: |██████████----------------------------------------| 21.5% Complete, 1079/5007News parsing progress: |██████████----------------------------------------| 21.6% Complete, 1080/5007News parsing progress: |██████████----------------------------------------| 21.6% Complete, 1081/5007News parsing progress: |██████████----------------------------------------| 21.6% Complete, 1082/5007News parsing progress: |██████████----------------------------------------| 21.6% Complete, 1083/5007News parsing progress: |██████████----------------------------------------| 21.6% Complete, 1084/5007News parsing progress: |██████████----------------------------------------| 21.7% Complete, 1085/5007News parsing progress: |██████████----------------------------------------| 21.7% Complete, 1086/5007News parsing progress: |██████████----------------------------------------| 21.7% Complete, 1087/5007News parsing progress: |██████████----------------------------------------| 21.7% Complete, 1088/5007News parsing progress: |██████████----------------------------------------| 21.7% Complete, 1089/5007News parsing progress: |██████████----------------------------------------| 21.8% Complete, 1090/5007News parsing progress: |██████████----------------------------------------| 21.8% Complete, 1091/5007News parsing progress: |██████████----------------------------------------| 21.8% Complete, 1092/5007News parsing progress: |██████████----------------------------------------| 21.8% Complete, 1093/5007News parsing progress: |██████████----------------------------------------| 21.8% Complete, 1094/5007News parsing progress: |██████████----------------------------------------| 21.9% Complete, 1095/5007News parsing progress: |██████████----------------------------------------| 21.9% Complete, 1096/5007News parsing progress: |██████████----------------------------------------| 21.9% Complete, 1097/5007News parsing progress: |██████████----------------------------------------| 21.9% Complete, 1098/5007News parsing progress: |██████████----------------------------------------| 21.9% Complete, 1099/5007News parsing progress: |██████████----------------------------------------| 22.0% Complete, 1100/5007News parsing progress: |██████████----------------------------------------| 22.0% Complete, 1101/5007News parsing progress: |███████████---------------------------------------| 22.0% Complete, 1102/5007News parsing progress: |███████████---------------------------------------| 22.0% Complete, 1103/5007News parsing progress: |███████████---------------------------------------| 22.0% Complete, 1104/5007News parsing progress: |███████████---------------------------------------| 22.1% Complete, 1105/5007News parsing progress: |███████████---------------------------------------| 22.1% Complete, 1106/5007News parsing progress: |███████████---------------------------------------| 22.1% Complete, 1107/5007News parsing progress: |███████████---------------------------------------| 22.1% Complete, 1108/5007News parsing progress: |███████████---------------------------------------| 22.1% Complete, 1109/5007News parsing progress: |███████████---------------------------------------| 22.2% Complete, 1110/5007News parsing progress: |███████████---------------------------------------| 22.2% Complete, 1111/5007News parsing progress: |███████████---------------------------------------| 22.2% Complete, 1112/5007News parsing progress: |███████████---------------------------------------| 22.2% Complete, 1113/5007News parsing progress: |███████████---------------------------------------| 22.2% Complete, 1114/5007News parsing progress: |███████████---------------------------------------| 22.3% Complete, 1115/5007News parsing progress: |███████████---------------------------------------| 22.3% Complete, 1116/5007News parsing progress: |███████████---------------------------------------| 22.3% Complete, 1117/5007News parsing progress: |███████████---------------------------------------| 22.3% Complete, 1118/5007News parsing progress: |███████████---------------------------------------| 22.3% Complete, 1119/5007News parsing progress: |███████████---------------------------------------| 22.4% Complete, 1120/5007News parsing progress: |███████████---------------------------------------| 22.4% Complete, 1121/5007News parsing progress: |███████████---------------------------------------| 22.4% Complete, 1122/5007News parsing progress: |███████████---------------------------------------| 22.4% Complete, 1123/5007News parsing progress: |███████████---------------------------------------| 22.4% Complete, 1124/5007News parsing progress: |███████████---------------------------------------| 22.5% Complete, 1125/5007News parsing progress: |███████████---------------------------------------| 22.5% Complete, 1126/5007News parsing progress: |███████████---------------------------------------| 22.5% Complete, 1127/5007News parsing progress: |███████████---------------------------------------| 22.5% Complete, 1128/5007News parsing progress: |███████████---------------------------------------| 22.5% Complete, 1129/5007News parsing progress: |███████████---------------------------------------| 22.6% Complete, 1130/5007News parsing progress: |███████████---------------------------------------| 22.6% Complete, 1131/5007News parsing progress: |███████████---------------------------------------| 22.6% Complete, 1132/5007News parsing progress: |███████████---------------------------------------| 22.6% Complete, 1133/5007News parsing progress: |███████████---------------------------------------| 22.6% Complete, 1134/5007News parsing progress: |███████████---------------------------------------| 22.7% Complete, 1135/5007News parsing progress: |███████████---------------------------------------| 22.7% Complete, 1136/5007News parsing progress: |███████████---------------------------------------| 22.7% Complete, 1137/5007News parsing progress: |███████████---------------------------------------| 22.7% Complete, 1138/5007News parsing progress: |███████████---------------------------------------| 22.7% Complete, 1139/5007News parsing progress: |███████████---------------------------------------| 22.8% Complete, 1140/5007News parsing progress: |███████████---------------------------------------| 22.8% Complete, 1141/5007News parsing progress: |███████████---------------------------------------| 22.8% Complete, 1142/5007News parsing progress: |███████████---------------------------------------| 22.8% Complete, 1143/5007News parsing progress: |███████████---------------------------------------| 22.8% Complete, 1144/5007News parsing progress: |███████████---------------------------------------| 22.9% Complete, 1145/5007News parsing progress: |███████████---------------------------------------| 22.9% Complete, 1146/5007News parsing progress: |███████████---------------------------------------| 22.9% Complete, 1147/5007News parsing progress: |███████████---------------------------------------| 22.9% Complete, 1148/5007News parsing progress: |███████████---------------------------------------| 22.9% Complete, 1149/5007News parsing progress: |███████████---------------------------------------| 23.0% Complete, 1150/5007News parsing progress: |███████████---------------------------------------| 23.0% Complete, 1151/5007News parsing progress: |███████████---------------------------------------| 23.0% Complete, 1152/5007News parsing progress: |███████████---------------------------------------| 23.0% Complete, 1153/5007News parsing progress: |███████████---------------------------------------| 23.0% Complete, 1154/5007News parsing progress: |███████████---------------------------------------| 23.1% Complete, 1155/5007News parsing progress: |███████████---------------------------------------| 23.1% Complete, 1156/5007News parsing progress: |███████████---------------------------------------| 23.1% Complete, 1157/5007News parsing progress: |███████████---------------------------------------| 23.1% Complete, 1158/5007News parsing progress: |███████████---------------------------------------| 23.1% Complete, 1159/5007News parsing progress: |███████████---------------------------------------| 23.2% Complete, 1160/5007News parsing progress: |███████████---------------------------------------| 23.2% Complete, 1161/5007News parsing progress: |███████████---------------------------------------| 23.2% Complete, 1162/5007News parsing progress: |███████████---------------------------------------| 23.2% Complete, 1163/5007News parsing progress: |███████████---------------------------------------| 23.2% Complete, 1164/5007News parsing progress: |███████████---------------------------------------| 23.3% Complete, 1165/5007News parsing progress: |███████████---------------------------------------| 23.3% Complete, 1166/5007News parsing progress: |███████████---------------------------------------| 23.3% Complete, 1167/5007News parsing progress: |███████████---------------------------------------| 23.3% Complete, 1168/5007News parsing progress: |███████████---------------------------------------| 23.3% Complete, 1169/5007News parsing progress: |███████████---------------------------------------| 23.4% Complete, 1170/5007News parsing progress: |███████████---------------------------------------| 23.4% Complete, 1171/5007News parsing progress: |███████████---------------------------------------| 23.4% Complete, 1172/5007News parsing progress: |███████████---------------------------------------| 23.4% Complete, 1173/5007News parsing progress: |███████████---------------------------------------| 23.4% Complete, 1174/5007News parsing progress: |███████████---------------------------------------| 23.5% Complete, 1175/5007News parsing progress: |███████████---------------------------------------| 23.5% Complete, 1176/5007News parsing progress: |███████████---------------------------------------| 23.5% Complete, 1177/5007News parsing progress: |███████████---------------------------------------| 23.5% Complete, 1178/5007News parsing progress: |███████████---------------------------------------| 23.5% Complete, 1179/5007News parsing progress: |███████████---------------------------------------| 23.6% Complete, 1180/5007News parsing progress: |███████████---------------------------------------| 23.6% Complete, 1181/5007News parsing progress: |███████████---------------------------------------| 23.6% Complete, 1182/5007News parsing progress: |███████████---------------------------------------| 23.6% Complete, 1183/5007News parsing progress: |███████████---------------------------------------| 23.6% Complete, 1184/5007News parsing progress: |███████████---------------------------------------| 23.7% Complete, 1185/5007News parsing progress: |███████████---------------------------------------| 23.7% Complete, 1186/5007News parsing progress: |███████████---------------------------------------| 23.7% Complete, 1187/5007News parsing progress: |███████████---------------------------------------| 23.7% Complete, 1188/5007News parsing progress: |███████████---------------------------------------| 23.7% Complete, 1189/5007News parsing progress: |███████████---------------------------------------| 23.8% Complete, 1190/5007News parsing progress: |███████████---------------------------------------| 23.8% Complete, 1191/5007News parsing progress: |███████████---------------------------------------| 23.8% Complete, 1192/5007News parsing progress: |███████████---------------------------------------| 23.8% Complete, 1193/5007News parsing progress: |███████████---------------------------------------| 23.8% Complete, 1194/5007News parsing progress: |███████████---------------------------------------| 23.9% Complete, 1195/5007News parsing progress: |███████████---------------------------------------| 23.9% Complete, 1196/5007News parsing progress: |███████████---------------------------------------| 23.9% Complete, 1197/5007News parsing progress: |███████████---------------------------------------| 23.9% Complete, 1198/5007News parsing progress: |███████████---------------------------------------| 23.9% Complete, 1199/5007News parsing progress: |███████████---------------------------------------| 24.0% Complete, 1200/5007News parsing progress: |███████████---------------------------------------| 24.0% Complete, 1201/5007News parsing progress: |████████████--------------------------------------| 24.0% Complete, 1202/5007News parsing progress: |████████████--------------------------------------| 24.0% Complete, 1203/5007News parsing progress: |████████████--------------------------------------| 24.0% Complete, 1204/5007News parsing progress: |████████████--------------------------------------| 24.1% Complete, 1205/5007News parsing progress: |████████████--------------------------------------| 24.1% Complete, 1206/5007News parsing progress: |████████████--------------------------------------| 24.1% Complete, 1207/5007News parsing progress: |████████████--------------------------------------| 24.1% Complete, 1208/5007News parsing progress: |████████████--------------------------------------| 24.1% Complete, 1209/5007News parsing progress: |████████████--------------------------------------| 24.2% Complete, 1210/5007News parsing progress: |████████████--------------------------------------| 24.2% Complete, 1211/5007News parsing progress: |████████████--------------------------------------| 24.2% Complete, 1212/5007News parsing progress: |████████████--------------------------------------| 24.2% Complete, 1213/5007News parsing progress: |████████████--------------------------------------| 24.2% Complete, 1214/5007News parsing progress: |████████████--------------------------------------| 24.3% Complete, 1215/5007News parsing progress: |████████████--------------------------------------| 24.3% Complete, 1216/5007News parsing progress: |████████████--------------------------------------| 24.3% Complete, 1217/5007News parsing progress: |████████████--------------------------------------| 24.3% Complete, 1218/5007News parsing progress: |████████████--------------------------------------| 24.3% Complete, 1219/5007News parsing progress: |████████████--------------------------------------| 24.4% Complete, 1220/5007News parsing progress: |████████████--------------------------------------| 24.4% Complete, 1221/5007News parsing progress: |████████████--------------------------------------| 24.4% Complete, 1222/5007News parsing progress: |████████████--------------------------------------| 24.4% Complete, 1223/5007News parsing progress: |████████████--------------------------------------| 24.4% Complete, 1224/5007News parsing progress: |████████████--------------------------------------| 24.5% Complete, 1225/5007News parsing progress: |████████████--------------------------------------| 24.5% Complete, 1226/5007News parsing progress: |████████████--------------------------------------| 24.5% Complete, 1227/5007News parsing progress: |████████████--------------------------------------| 24.5% Complete, 1228/5007News parsing progress: |████████████--------------------------------------| 24.5% Complete, 1229/5007News parsing progress: |████████████--------------------------------------| 24.6% Complete, 1230/5007News parsing progress: |████████████--------------------------------------| 24.6% Complete, 1231/5007News parsing progress: |████████████--------------------------------------| 24.6% Complete, 1232/5007News parsing progress: |████████████--------------------------------------| 24.6% Complete, 1233/5007News parsing progress: |████████████--------------------------------------| 24.6% Complete, 1234/5007News parsing progress: |████████████--------------------------------------| 24.7% Complete, 1235/5007News parsing progress: |████████████--------------------------------------| 24.7% Complete, 1236/5007News parsing progress: |████████████--------------------------------------| 24.7% Complete, 1237/5007News parsing progress: |████████████--------------------------------------| 24.7% Complete, 1238/5007News parsing progress: |████████████--------------------------------------| 24.7% Complete, 1239/5007News parsing progress: |████████████--------------------------------------| 24.8% Complete, 1240/5007News parsing progress: |████████████--------------------------------------| 24.8% Complete, 1241/5007News parsing progress: |████████████--------------------------------------| 24.8% Complete, 1242/5007News parsing progress: |████████████--------------------------------------| 24.8% Complete, 1243/5007News parsing progress: |████████████--------------------------------------| 24.8% Complete, 1244/5007News parsing progress: |████████████--------------------------------------| 24.9% Complete, 1245/5007News parsing progress: |████████████--------------------------------------| 24.9% Complete, 1246/5007News parsing progress: |████████████--------------------------------------| 24.9% Complete, 1247/5007News parsing progress: |████████████--------------------------------------| 24.9% Complete, 1248/5007News parsing progress: |████████████--------------------------------------| 24.9% Complete, 1249/5007News parsing progress: |████████████--------------------------------------| 25.0% Complete, 1250/5007News parsing progress: |████████████--------------------------------------| 25.0% Complete, 1251/5007News parsing progress: |████████████--------------------------------------| 25.0% Complete, 1252/5007News parsing progress: |████████████--------------------------------------| 25.0% Complete, 1253/5007News parsing progress: |████████████--------------------------------------| 25.0% Complete, 1254/5007News parsing progress: |████████████--------------------------------------| 25.1% Complete, 1255/5007News parsing progress: |████████████--------------------------------------| 25.1% Complete, 1256/5007News parsing progress: |████████████--------------------------------------| 25.1% Complete, 1257/5007News parsing progress: |████████████--------------------------------------| 25.1% Complete, 1258/5007News parsing progress: |████████████--------------------------------------| 25.1% Complete, 1259/5007News parsing progress: |████████████--------------------------------------| 25.2% Complete, 1260/5007News parsing progress: |████████████--------------------------------------| 25.2% Complete, 1261/5007News parsing progress: |████████████--------------------------------------| 25.2% Complete, 1262/5007News parsing progress: |████████████--------------------------------------| 25.2% Complete, 1263/5007News parsing progress: |████████████--------------------------------------| 25.2% Complete, 1264/5007News parsing progress: |████████████--------------------------------------| 25.3% Complete, 1265/5007News parsing progress: |████████████--------------------------------------| 25.3% Complete, 1266/5007News parsing progress: |████████████--------------------------------------| 25.3% Complete, 1267/5007News parsing progress: |████████████--------------------------------------| 25.3% Complete, 1268/5007News parsing progress: |████████████--------------------------------------| 25.3% Complete, 1269/5007News parsing progress: |████████████--------------------------------------| 25.4% Complete, 1270/5007News parsing progress: |████████████--------------------------------------| 25.4% Complete, 1271/5007News parsing progress: |████████████--------------------------------------| 25.4% Complete, 1272/5007News parsing progress: |████████████--------------------------------------| 25.4% Complete, 1273/5007News parsing progress: |████████████--------------------------------------| 25.4% Complete, 1274/5007News parsing progress: |████████████--------------------------------------| 25.5% Complete, 1275/5007News parsing progress: |████████████--------------------------------------| 25.5% Complete, 1276/5007News parsing progress: |████████████--------------------------------------| 25.5% Complete, 1277/5007News parsing progress: |████████████--------------------------------------| 25.5% Complete, 1278/5007News parsing progress: |████████████--------------------------------------| 25.5% Complete, 1279/5007News parsing progress: |████████████--------------------------------------| 25.6% Complete, 1280/5007News parsing progress: |████████████--------------------------------------| 25.6% Complete, 1281/5007News parsing progress: |████████████--------------------------------------| 25.6% Complete, 1282/5007